node.exe : npm warn Unknown env config "devdir". This will stop working in the next major version of npm. See `npm 
help npmrc` for supported config options.
In Zeile:1 Zeichen:1
+ & "C:\Program Files\nodejs/node.exe" "C:\Program Files\nodejs/node_mo ...
+ ~~~~~~~~~~~~~~~~~~~~~~~~~~~~~~~~~~~~~~~~~~~~~~~~~~~~~~~~~~~~~~~~~~~~~
    + CategoryInfo          : NotSpecified: (npm warn Unknow...config options.:String) [], RemoteException
    + FullyQualifiedErrorId : NativeCommandError
 

> caresuite-plus@1.0.0 test
> vitest run


 RUN  v3.2.6 C:/Users/Kevin Reinhardt/Documents/CareSuite+

 ÔØ» src/__tests__/clients/clientIntakeRecordRebuild.test.ts (20 tests | 2 failed) 71ms
   Ô£ô Client Intake & Record Rebuild > locale Konstanten sind de-DE / Europe/Berlin / EUR 2ms
   Ô£ô Client Intake & Record Rebuild > formatiert Datum als TT.MM.JJJJ 1ms
   Ô£ô Client Intake & Record Rebuild > formatiert Uhrzeit als HH:MM Uhr 0ms
   Ô£ô Client Intake & Record Rebuild > formatiert W├ñhrung als 1.234,56 Ôé¼ 1ms
   Ô£ô Client Intake & Record Rebuild > formatiert Pflegegrad als PG 3 0ms
   Ô£ô Client Intake & Record Rebuild > Einnahmeschema zeigt morgens/mittags/abends/nachts 1ms
   Ô£ô Client Intake & Record Rebuild > Neuaufnahme startet mit Leistungsart-Schritt 0ms
   Ô£ô Client Intake & Record Rebuild > Mehrfachauswahl Leistungsart wird validiert 0ms
   Ô£ô Client Intake & Record Rebuild > Alltagsbegleitung ohne Pflegepflichtfelder 2ms
   Ô£ô Client Intake & Record Rebuild > Ambulante Pflege zeigt Wohnungszugang Pflicht 0ms
   Ô£ô Client Intake & Record Rebuild > Station├ñre Pflege zeigt Zimmer Pflicht 0ms
   Ô£ô Client Intake & Record Rebuild > Ambulant + Betreuung kombiniert Kontexte 0ms
   Ô£ô Client Intake & Record Rebuild > Akte Tabs abh├ñngig von Beratung 0ms
   Ô£ô Client Intake & Record Rebuild > Systemkataloge enthalten Leistungsart und Pflegegrad 0ms
   Ô£ô Client Intake & Record Rebuild > Dokumentupload Storage-Pfad tenant/client 0ms
   Ô£ô Client Intake & Record Rebuild > Demo-Konstellationen: mindestens 10 Akten 0ms
   ├ù Client Intake & Record Rebuild > Listeneinstieg verweist auf Neuaufnahme-Wizard 44ms
     ÔåÆ expected 'import { FlatList, RefreshControl, ScÔÇª' to contain 'CLIENT_INTAKE_NEW_ROUTE'
   ├ù Client Intake & Record Rebuild > Legacy-Create-Route leitet auf Wizard weiter 4ms
     ÔåÆ expected 'import { Redirect } from \'expo-routeÔÇª' not to contain 'ClientCreateScreen'
   Ô£ô Client Intake & Record Rebuild > Legacy-Detail-Route leitet auf ClientRecordScreen weiter 1ms
   Ô£ô Client Intake & Record Rebuild > Sichtbare Wizard-Schritte bei Support-Kontext 1ms
 ÔØ» src/__tests__/auth/authAccessModel.test.ts (10 tests | 1 failed) 371ms
   Ô£ô authAccessModel > registers a business tenant and activates office 234ms
   Ô£ô authAccessModel > generates usernames for internal users and employee portal accounts 4ms
   Ô£ô authAccessModel > blocks employee login 2ms
   Ô£ô authAccessModel > resets employee password with a new one-time password 2ms
   Ô£ô authAccessModel > accepts active client portal codes and rejects blocked codes 4ms
   Ô£ô authAccessModel > invalidates old portal code after regeneration 63ms
   Ô£ô authAccessModel > applies role permission examples 1ms
   Ô£ô authAccessModel > blocks unknown business login 1ms
   Ô£ô authAccessModel > uses demo tenant in demo mode 2ms
   ├ù authAccessModel > does not restrict tenant id in live service mode 56ms
     ÔåÆ expected { ok: false, ÔÇª(1) } to be null
 ÔØ» src/__tests__/documents/documentInbox.test.ts (7 tests | 1 failed) 2566ms
   Ô£ô Dokumenteneingang (Document Inbox) > 1. l├ñdt Datei mit tenant_id hoch und erzeugt Audit-Eintrag 278ms
   Ô£ô Dokumenteneingang (Document Inbox) > 2. blockiert Upload ohne tenant_id 4ms
   Ô£ô Dokumenteneingang (Document Inbox) > 3. blockiert externe OCR ohne Anbieter/Freigabe  505ms
   Ô£ô Dokumenteneingang (Document Inbox) > 4. blockiert Gesundheitsdaten-OCR ohne Freigabe  405ms
   Ô£ô Dokumenteneingang (Document Inbox) > 5. erstellt Pr├╝fauftrag statt Auto-Zuordnung bei unsicherer Klassifizierung  502ms
   Ô£ô Dokumenteneingang (Document Inbox) > 6. verkn├╝pft Dokument manuell mit Klient/Einsatz nach Kategorie  449ms
   ├ù Dokumenteneingang (Document Inbox) > 7. archiviert mit Audit und blockiert Live-Modus ohne Supabase-Anbindung 421ms
     ÔåÆ expected 'Demo-Daten im Produktionsmodus nicht ÔÇª' to match /Live-Modus|Dokumenteneingang/i
 ÔØ» src/__tests__/office/employeeHr.test.ts (11 tests | 5 failed) 923ms
   Ô£ô employee HR module (Personalvorg├ñnge) > 1 ÔÇö HR case kann angelegt werden 8ms
   Ô£ô employee HR module (Personalvorg├ñnge) > 2 ÔÇö Abmahnung ohne Vorfallbeschreibung blockiert Finalisierung 2ms
   Ô£ô employee HR module (Personalvorg├ñnge) > 3 ÔÇö K├╝ndigung ohne Wirksamkeitsdatum blockiert Finalisierung 1ms
   Ô£ô employee HR module (Personalvorg├ñnge) > 4 ÔÇö Arbeitszeugnis kann vorbereitet werden 1ms
   ├ù employee HR module (Personalvorg├ñnge) > 5 ÔÇö Finalisierter HR-Vorgang ist gesperrt 187ms
     ÔåÆ expected false to be true // Object.is equality
   ├ù employee HR module (Personalvorg├ñnge) > 6 ÔÇö Mitarbeitende sehen nur eigene freigegebene Dokumente 363ms
     ÔåÆ expected [] to have a length of 1 but got +0
   Ô£ô employee HR module (Personalvorg├ñnge) > 7 ÔÇö Klient:innen sehen keine HR-Daten 1ms
   ├ù employee HR module (Personalvorg├ñnge) > 8 ÔÇö Audit-Event bei Finalisierung 174ms
     ÔåÆ expected false to be true // Object.is equality
   Ô£ô employee HR module (Personalvorg├ñnge) > 9 ÔÇö Cross-Tenant blockiert 1ms
   ├ù employee HR module (Personalvorg├ñnge) > 10 ÔÇö Produktionsmodus ohne Demo-HR-Daten 4ms
     ÔåÆ expected 'Demo-Daten im Produktionsmodus nicht ÔÇª' to contain 'Live-Modus'
   ├ù employee HR module (Personalvorg├ñnge) > Korrekturversion erzeugt neuen Entwurf 176ms
     ÔåÆ expected false to be true // Object.is equality
 ÔØ» src/__tests__/assist/assistServiceCatalog.test.ts (9 tests | 1 failed) 85ms
   Ô£ô Assist Leistungskatalog (Migration 0053) > 1. Migration 0053 und zehn Leistungsbereiche existieren 4ms
   Ô£ô Assist Leistungskatalog (Migration 0053) > 2. blockiert Fehldeklaration medizinischer Leistungen als Alltagsbegleitung 3ms
   Ô£ô Assist Leistungskatalog (Migration 0053) > 3. Leistung ist abrechenbar mit versioniertem Stundensatz 4ms
   Ô£ô Assist Leistungskatalog (Migration 0053) > 4. Aufgabenpaket erzeugt Einsatzvorlage 2ms
   Ô£ô Assist Leistungskatalog (Migration 0053) > 5. Dokumentations- und Signaturpflichten sind konfigurierbar 2ms
   ├ù Assist Leistungskatalog (Migration 0053) > 6. Mandantenisolation und kein Demo-Fallback im Produktivmodus 30ms
     ÔåÆ expected 'Demo-Daten im Produktionsmodus nicht ÔÇª' to contain 'Live-Modus'
   Ô£ô Assist Leistungskatalog Wiring > Live-Repository referenziert Migration 0053 33ms
   Ô£ô Assist Leistungskatalog Wiring > Admin-UI ist unter Mehr ÔåÆ Verwaltung erreichbar 3ms
   Ô£ô Assist Leistungskatalog Wiring > Live-Migrationskennung ist konsistent 0ms
 ÔØ» src/__tests__/office/employeeAbsence.test.ts (19 tests | 1 failed) 76ms
   Ô£ô employee absence management (Prompt 72) > 1. Mitarbeiter beantragt Urlaub 6ms
   Ô£ô employee absence management (Prompt 72) > 2. Admin genehmigt Urlaub 4ms
   Ô£ô employee absence management (Prompt 72) > 3. Admin lehnt Urlaub ab 1ms
   Ô£ô employee absence management (Prompt 72) > 4. Krankmeldung erfassen 1ms
   Ô£ô employee absence management (Prompt 72) > 5. Krankmeldung blockiert Einsatzplanung 5ms
   Ô£ô employee absence management (Prompt 72) > 6. Abwesenheit erscheint im Dienstplan 2ms
   Ô£ô employee absence management (Prompt 72) > 7. Konflikt mit bestehendem Einsatz erkannt 4ms
   Ô£ô employee absence management (Prompt 72) > 8. Vertretung erforderlich markiert 2ms
   Ô£ô employee absence management (Prompt 72) > 9. Management-Task bei Konflikt 2ms
   Ô£ô employee absence management (Prompt 72) > 10. Mitarbeiter sieht nur eigene Abwesenheiten 2ms
   Ô£ô employee absence management (Prompt 72) > 11. Krankdetails f├╝r andere verborgen 1ms
   Ô£ô employee absence management (Prompt 72) > 12. Klient sieht keine Abwesenheitsgr├╝nde 2ms
   Ô£ô employee absence management (Prompt 72) > 13. Cross-Tenant-Zugriff blockiert 1ms
   Ô£ô employee absence management (Prompt 72) > 14. Audit-Event bei ├änderung 1ms
   Ô£ô employee absence management (Prompt 72) > 15. Produktionsmodus ohne Demo-Fallback blockiert 1ms
   Ô£ô employee absence management (Prompt 72) > Urlaubssaldo wird berechnet 1ms
   Ô£ô employee absence management (Prompt 72) > Einsatzkonflikttyp bei Krankmeldung 1ms
   ├ù employee absence management (Prompt 72) > Vertretungsvorschl├ñge schlie├ƒen abwesende MA aus 15ms
     ÔåÆ expected false to be true // Object.is equality
   Ô£ô employee absence management (Prompt 72) > AU-Upload nur mit Berechtigung 23ms
 ÔØ» src/__tests__/careBilling/billingCycle.test.ts (8 tests | 5 failed) 115ms
   ├ù CareSuite+ Monatsabschluss / Rechnungslauf / Mahnwesen > 1. Monatsabschluss-Rechnungslauf aus abrechnungsbereiten Positionen 20ms
     ÔåÆ expected false to be true // Object.is equality
   Ô£ô CareSuite+ Monatsabschluss / Rechnungslauf / Mahnwesen > 2. Keine Doppelabrechnung ÔÇö bereits verarbeitete Position blockiert 2ms
   Ô£ô CareSuite+ Monatsabschluss / Rechnungslauf / Mahnwesen > 3. Keine Rechnungsfinalisierung ohne Pflichtvalidierung (Vorschau) 1ms
   ├ù CareSuite+ Monatsabschluss / Rechnungslauf / Mahnwesen > 4. Gesetzliche Kassenabrechnung nur vorbereitet, nicht produktiv 20ms
     ÔåÆ expected +0 to be 1 // Object.is equality
   ├ù CareSuite+ Monatsabschluss / Rechnungslauf / Mahnwesen > 5. Forderung aus finalisierter Rechnung mit offenem Betrag 40ms
     ÔåÆ expected [] to have a length of 1 but got +0
   ├ù CareSuite+ Monatsabschluss / Rechnungslauf / Mahnwesen > 6. Kein Mahnlauf ohne offene f├ñllige Forderung 3ms
     ÔåÆ expected false to be true // Object.is equality
   ├ù CareSuite+ Monatsabschluss / Rechnungslauf / Mahnwesen > 7. Mandantenisolation ÔÇö Tenant B sieht keine L├ñufe von Tenant A 27ms
     ÔåÆ expected +0 to be 1 // Object.is equality
   Ô£ô CareSuite+ Monatsabschluss / Rechnungslauf / Mahnwesen > 8. Kein Demo-Fallback im Production Mode 1ms
 ÔØ» src/__tests__/office/employeeOffboarding.test.ts (10 tests | 1 failed) 327ms
   Ô£ô Mitarbeiter-Offboarding (Prompt 78) > 1. Offboarding starten setzt Status in_progress 9ms
   Ô£ô Mitarbeiter-Offboarding (Prompt 78) > 2. Austrittsdaten werden validiert und gespeichert 2ms
   Ô£ô Mitarbeiter-Offboarding (Prompt 78) > 3. Endfreigabe blockiert bei offenen R├╝ckgaben 5ms
   Ô£ô Mitarbeiter-Offboarding (Prompt 78) > 4. R├╝ckgabe erfassen schlie├ƒt Inventar-Blocker 2ms
   Ô£ô Mitarbeiter-Offboarding (Prompt 78) > 5. Endfreigabe blockiert ohne gesperrtes Portal 2ms
   Ô£ô Mitarbeiter-Offboarding (Prompt 78) > 6. Portal-Sperre und externe Zug├ñnge vorbereiten 31ms
   Ô£ô Mitarbeiter-Offboarding (Prompt 78) > 7. Kein mandanten├╝bergreifender Zugriff 4ms
   Ô£ô Mitarbeiter-Offboarding (Prompt 78) > 8. Unberechtigte Rollen sehen keine Personalakte 1ms
   ├ù Mitarbeiter-Offboarding (Prompt 78) > 9. Produktionsmodus blockiert Demo-Fallback 209ms
     ÔåÆ expected 'Demo-Daten im Produktionsmodus nicht ÔÇª' to contain 'Live-Modus'
   Ô£ô Mitarbeiter-Offboarding (Prompt 78) > 10. Vollst├ñndiger Abschluss: Protokoll, Endfreigabe, Archivierung 59ms
 Ô£ô src/__tests__/assist/scheduleCalendar.test.ts (13 tests) 55ms
 ÔØ» src/__tests__/core/p0BuildLiveBlockers.test.ts (8 tests | 1 failed) 24ms
   Ô£ô P0 Build/Live Blockers > store assets exist with minimum size 3ms
   Ô£ô P0 Build/Live Blockers > upload storage path includes tenant_id 1ms
   Ô£ô P0 Build/Live Blockers > guardServiceTenant allows live tenant uuid 2ms
   Ô£ô P0 Build/Live Blockers > guardServiceTenant rejects wrong tenant in demo mode 0ms
   ├ù P0 Build/Live Blockers > guardLiveDemoFeature blocks demo-only features in live mode 13ms
     ÔåÆ expected 'Demo-Fallback im Produktionsmodus bloÔÇª' to contain 'Live-Modus'
   Ô£ô P0 Build/Live Blockers > pflege module service uses fetchDomainModuleSnapshot without DEMO_TENANT_ID guard 1ms
   Ô£ô P0 Build/Live Blockers > office upload screen uses expo-document-picker 1ms
   Ô£ô P0 Build/Live Blockers > officeDocumentsService rejects empty live upload 1ms
 ÔØ» src/__tests__/office/employeeTimePrompt73.test.ts (17 tests | 1 failed) 782ms
   Ô£ô 0051_employee_time_prepared migration > 1. legt alle neun Arbeitszeit-Tabellen an 3ms
   Ô£ô 0051_employee_time_prepared migration > 2. markiert Lohnexport ohne external_transfer als vorbereitet 1ms
   Ô£ô 0051_employee_time_prepared migration > 3. aktiviert RLS auf allen Tabellen 0ms
   ├ù Arbeitszeit Prompt 73 ÔÇö Berechnung & Quellen > 4. berechnet Einsatzzeit aus Statuszeiten minus Pausen 389ms
     ÔåÆ expected 0 to be greater than 0
   Ô£ô Arbeitszeit Prompt 73 ÔÇö Berechnung & Quellen > 5. erzeugt keine Arbeitszeit bei Fake-/Fehlzeiten 3ms
   Ô£ô Arbeitszeit Prompt 73 ÔÇö Berechnung & Quellen > 6. z├ñhlt Fahrzeit nur wenn Mandant sie als Arbeitszeit wertet 163ms
   Ô£ô Arbeitszeit Prompt 73 ÔÇö Berechnung & Quellen > 7. manuelle Korrektur erfordert Begr├╝ndung und Audit 5ms
   Ô£ô Arbeitszeit Prompt 73 ÔÇö Berechnung & Quellen > 8. freigegebene Periode kann nicht direkt ├╝berschrieben werden 12ms
   Ô£ô Arbeitszeit Prompt 73 ÔÇö Berechnung & Quellen > 9. Mitarbeiter sieht nur eigene Zeiten 3ms
   Ô£ô Arbeitszeit Prompt 73 ÔÇö Berechnung & Quellen > 10. Admin sieht Zeiten mandantenweit 1ms
   Ô£ô Arbeitszeit Prompt 73 ÔÇö Berechnung & Quellen > 11. Klient:innenportal sieht keine internen Arbeitszeiten 1ms
   Ô£ô Arbeitszeit Prompt 73 ÔÇö Berechnung & Quellen > 12. Lohnexport DATEV ohne Connect-Konfiguration scheitert 3ms
   Ô£ô Arbeitszeit Prompt 73 ÔÇö Berechnung & Quellen > 13. CSV-Export nur bei freigegebenen Perioden 1ms
   Ô£ô Arbeitszeit Prompt 73 ÔÇö Berechnung & Quellen > 14. CSV-Export bei freigegebener Periode erfolgreich vorbereitet 113ms
   Ô£ô Arbeitszeit Prompt 73 ÔÇö Berechnung & Quellen > 15. Mandantenisolation ÔÇö kein Cross-Tenant-Zugriff 3ms
   Ô£ô Arbeitszeit Prompt 73 ÔÇö Berechnung & Quellen > 16. Abwesenheiten erzeugen passende Zeittypen 6ms
   Ô£ô Arbeitszeit Prompt 73 ÔÇö Berechnung & Quellen > 17. Korrekturanfrage und Sperre nach Freigabe 73ms
 ÔØ» src/__tests__/security/securityHardening.test.ts (20 tests | 2 failed) 3988ms
   Ô£ô Security hardening > Cross-Tenant blockiert > guardServiceTenant lehnt fremden Mandanten im Demo-Modus ab 2ms
   Ô£ô Security hardening > Cross-Tenant blockiert > canViewAssignment blockiert tenant_mismatch 2ms
   Ô£ô Security hardening > Cross-Tenant blockiert > listEmployeeAssignments filtert nur eigene Eins├ñtze 287ms
   Ô£ô Security hardening > Mitarbeiter-Fremdeinsatz blockiert > fetchEmployeePortalAssignmentDetail verweigert fremden Einsatz 6ms
   Ô£ô Security hardening > Klient:innen-Fremddatei blockiert > signClientDocument verweigert fremdes Dokument 7ms
   Ô£ô Security hardening > Dokument-Fremdmandant blockiert > canViewDocument verweigert Cross-Tenant 2ms
   Ô£ô Security hardening > Audit nicht l├Âschbar (Migrationen) > document_audit_events ÔÇö kein DELETE-Grant f├╝r authenticated  682ms
   Ô£ô Security hardening > Audit nicht l├Âschbar (Migrationen) > login_audit_events ÔÇö kein DELETE-Grant f├╝r authenticated 33ms
   Ô£ô Security hardening > Audit nicht l├Âschbar (Migrationen) > connect_audit_events ÔÇö kein DELETE-Grant f├╝r authenticated 90ms
   Ô£ô Security hardening > Audit nicht l├Âschbar (Migrationen) > permission_audit_events ÔÇö kein DELETE-Grant f├╝r authenticated 58ms
   Ô£ô Security hardening > Audit nicht l├Âschbar (Migrationen) > assignment_audit_events ÔÇö kein DELETE-Grant f├╝r authenticated 211ms
   Ô£ô Security hardening > Audit nicht l├Âschbar (Migrationen) > permission_audit_events ÔÇö append-only Policies in 0055 2ms
   Ô£ô Security hardening > Audit nicht l├Âschbar (Migrationen) > Client-Portal-Audit-Trail w├ñchst nur per append 5ms
   Ô£ô Security hardening > Service-Role nicht im Client-Bundle > Supabase-Client nutzt nur Anon-Key 2ms
   ├ù Security hardening > Service-Role nicht im Client-Bundle > kein service_role in src/lib (ohne Tests) 2588ms
     ÔåÆ expected [ ÔÇª(3) ] to deeply equal []
   Ô£ô Security hardening > Production Mode ohne Demo-Fallback > resolveTenantIdForService ohne Profil liefert Fehler 1ms
   Ô£ô Security hardening > Production Mode ohne Demo-Fallback > guardLiveDemoFeature blockiert Demo-only Features 1ms
   Ô£ô Security hardening > Production Mode ohne Demo-Fallback > resolveCommunicationTemplateTenantId ohne Mandant liefert null 1ms
   Ô£ô Security hardening > Production Mode ohne Demo-Fallback > demoAccessStore mappt leeren Mandanten nicht auf Demo-Daten 1ms
   ├ù Security hardening > Production Mode ohne Demo-Fallback > getSupabaseClient ist im Live-Modus verf├╝gbar 2ms
     ÔåÆ expected null not to be null
 ÔØ» src/__tests__/assist/qmCockpit.test.ts (17 tests | 2 failed) 219ms
   Ô£ô QM Cockpit (Prompt 65) > 1. Cockpit liefert alle 9 Bereiche f├╝r Admin 5ms
   ├ù QM Cockpit (Prompt 65) > 2. Kein Cross-Tenant im Cockpit 14ms
     ÔåÆ expected false to be true // Object.is equality
   Ô£ô QM Cockpit (Prompt 65) > 3. Fehlende Doku erscheint in Bereich doku_fehlt 1ms
   Ô£ô QM Cockpit (Prompt 65) > 4. Fehlende Signatur erscheint in Bereich signatur_fehlt 1ms
   Ô£ô QM Cockpit (Prompt 65) > 5. Notfall erzeugt Follow-up-Aufgabe 1ms
   Ô£ô QM Cockpit (Prompt 65) > 6. Problem erscheint in heute_kritisch 15ms
   Ô£ô QM Cockpit (Prompt 65) > 7. Korrekturanfrage erzeugt Audit-Event 3ms
   Ô£ô QM Cockpit (Prompt 65) > 8. Mitarbeiter sieht nur eigene Korrekturaufgaben 36ms
   Ô£ô QM Cockpit (Prompt 65) > 9. Klient sieht QM-Cockpit nicht 1ms
   Ô£ô QM Cockpit (Prompt 65) > 10. Freigabe erzeugt Review- und Audit-Event 11ms
   Ô£ô QM Cockpit (Prompt 65) > 11. Ablehnung h├ñlt Pr├╝fung offen 39ms
   Ô£ô QM Cockpit (Prompt 65) > 12. Abrechnungsbereite Positionen im Bereich abrechnungsbereit 2ms
   Ô£ô QM Cockpit (Prompt 65) > 13. Abrechnungsblocker werden erkannt 16ms
   Ô£ô QM Cockpit (Prompt 65) > 14. Finalisierte Dokumente werden nicht ├╝berschrieben 25ms
   ├ù QM Cockpit (Prompt 65) > 15. Production Mode blockiert Demo-Fallbacks 44ms
     ÔåÆ expected 'Demo-Daten im Produktionsmodus nicht ÔÇª' to contain 'QM-Cockpit'
   Ô£ô QM Cockpit (Prompt 65) > 16. Automatische Aufgaben werden dedupliziert 1ms
   Ô£ô QM Cockpit (Prompt 65) > Dokumente fehlen erscheinen im Bereich dokumente 1ms
 ÔØ» src/__tests__/assist/liveMonitor.test.ts (15 tests | 1 failed) 266ms
   Ô£ô Live Monitor (Prompt 60) > 1. Statuswechsel erzeugt Live-Event 9ms
   Ô£ô Live Monitor (Prompt 60) > 2. Statuswechsel erzeugt Audit-Event 1ms
   Ô£ô Live Monitor (Prompt 60) > 3. Admin sieht eigenen Mandanten-Status 1ms
   Ô£ô Live Monitor (Prompt 60) > 4. Admin sieht keine Fremdmandanten-Daten 1ms
   Ô£ô Live Monitor (Prompt 60) > 5. Fehlende Doku erzeugt Aufgabe 3ms
   Ô£ô Live Monitor (Prompt 60) > 6. Fehlende Signatur erzeugt Aufgabe 2ms
   Ô£ô Live Monitor (Prompt 60) > 7. Absageanfrage erzeugt Aufgabe 2ms
   Ô£ô Live Monitor (Prompt 60) > 8. Verschiebungsanfrage erzeugt Aufgabe 1ms
   Ô£ô Live Monitor (Prompt 60) > 9. Problem-Meldung erzeugt kritische Benachrichtigung 2ms
   Ô£ô Live Monitor (Prompt 60) > 10. Notfall-Meldung erzeugt kritische Benachrichtigung 62ms
   Ô£ô Live Monitor (Prompt 60) > 11. Mitarbeiter sieht nur eigene Benachrichtigungen 1ms
   Ô£ô Live Monitor (Prompt 60) > 12. Klient sieht nur eigene Benachrichtigungen 1ms
   ├ù Live Monitor (Prompt 60) > 13. Production Mode ohne Fake-Live-Daten 170ms
     ÔåÆ expected 'Demo-Daten im Produktionsmodus nicht ÔÇª' to contain 'Live-Monitor'
   Ô£ô Live Monitor (Prompt 60) > blockiert Live-Monitor ohne tenant_id 1ms
   Ô£ô Live Monitor (Prompt 60) > Mitarbeiter darf fremden Einsatz nicht ├ñndern 1ms
 ÔØ» src/__tests__/privacy/privacyManagement.test.ts (6 tests | 2 failed) 155ms
   Ô£ô Datenschutz- und DSGVO-Management > 1 ÔÇö Admin kann Verarbeitungst├ñtigkeit anlegen 7ms
   Ô£ô Datenschutz- und DSGVO-Management > 2 ÔÇö Betroffenenanfrage erzeugt Audit-Trail und interne Aufgabe 2ms
   ├ù Datenschutz- und DSGVO-Management > 3 ÔÇö Gesundheitsdaten-Export ohne view_sensitive blockiert 11ms
     ÔåÆ expected 'Die Berechtigung ÔÇ×Security & DSGVO veÔÇª' to match /Gesundheitsdaten/i
   Ô£ô Datenschutz- und DSGVO-Management > 4 ÔÇö L├Âschung blockiert bei aktiver Aufbewahrungsfrist 101ms
   Ô£ô Datenschutz- und DSGVO-Management > 5 ÔÇö Mandantentrennung: fremder Mandant wird abgewiesen 2ms
   ├ù Datenschutz- und DSGVO-Management > 6 ÔÇö Production Mode blockiert Demo-Fallback 30ms
     ÔåÆ expected true to be false // Object.is equality
 ÔØ» src/__tests__/payments/paymentGuard.test.ts (11 tests | 1 failed) 18ms
   Ô£ô 0046_payment_providers migration > legt alle acht Zahlungstabellen an 2ms
   Ô£ô 0046_payment_providers migration > speichert keine Klartext-API-Keys 1ms
   Ô£ô 0046_payment_providers migration > aktiviert RLS auf allen Zahlungstabellen 0ms
   Ô£ô 0046_payment_providers migration > mandantenspezifische Tabellen referenzieren tenant_id 1ms
   Ô£ô 0046_payment_providers migration > enth├ñlt keine destruktiven Befehle 0ms
   Ô£ô Payment Guard > blockiert Zahlung ohne Provider 0ms
   ├ù Payment Guard > blockiert Production mit Mock-Provider 10ms
     ÔåÆ expected true to be false // Object.is equality
   Ô£ô Payment Guard > maskiert Credential-Referenzen 0ms
   Ô£ô Payment Guard > erkennt Secret-Literale 0ms
   Ô£ô Payment Guard ÔÇö Tenant-Isolation > blockiert ohne Mandant 0ms
   Ô£ô Payment Lib ÔÇö keine Secrets im Client > enth├ñlt keine API-Key-Literale in payments-Lib 1ms
 ÔØ» src/__tests__/operations/operationsMonitoring.test.ts (8 tests | 3 failed) 485ms
   ├ù Betrieb, Backup, Monitoring & Incident Management > 1. Mandanten-Admin darf Monitoring sehen ÔÇö Portal-Rollen nicht 14ms
     ÔåÆ expected true to be false // Object.is equality
   Ô£ô Betrieb, Backup, Monitoring & Incident Management > 2. Fehler wird protokolliert und ist im Audit-Trail sichtbar 9ms
   ├ù Betrieb, Backup, Monitoring & Incident Management > 3. Sensible Daten werden aus Logs entfernt 4ms
     ÔåÆ expected 'Auth failed Bearer [REDACTED] passworÔÇª' not to contain 'geheim'
   ├ù Betrieb, Backup, Monitoring & Incident Management > 4. Cross-Tenant-Isolation ÔÇö Mandant B sieht keine Logs von Mandant A 142ms
     ÔåÆ expected false to be true // Object.is equality
   Ô£ô Betrieb, Backup, Monitoring & Incident Management > 5. Production Mode blockiert Demo-Fallback 1ms
   Ô£ô Betrieb, Backup, Monitoring & Incident Management > 6. Backupstatus ist prepared ÔÇö keine aktiven Backups 1ms
   Ô£ô Betrieb, Backup, Monitoring & Incident Management > 7. Incident aus Fehlerlog erzeugt interne Aufgabe (Prompt 69) 253ms
   Ô£ô Betrieb, Backup, Monitoring & Incident Management > 8. Systemstatus ohne 24/7-Versprechen und Live-Readiness ehrlich 57ms
 Ô£ô src/__tests__/environment/environmentMode.test.ts (9 tests) 13ms
 ÔØ» src/__tests__/assist/gpsLocationService.test.ts (12 tests | 1 failed) 237ms
   Ô£ô gpsLocationService preparedOnly guards (Sprint 74) > isGpsTrackingLiveReady bleibt false 3ms
   Ô£ô gpsLocationService preparedOnly guards (Sprint 74) > gpsLocationService nutzt guardServiceTenant und blockGpsPreparedOnly 1ms
   ├ù gpsLocationService preparedOnly guards (Sprint 74) > requestGpsForegroundPermission blockiert im preparedOnly-Modus 13ms
     ÔåÆ expected 'Karten, Routing und GPS-Ortung sind vÔÇª' to contain 'Vorbereitung'
   Ô£ô gpsLocationService preparedOnly guards (Sprint 74) > getCurrentGpsPosition blockiert im preparedOnly-Modus 5ms
   Ô£ô gpsLocationService preparedOnly guards (Sprint 74) > startTripGpsSession blockiert im preparedOnly-Modus 0ms
   Ô£ô gpsLocationService preparedOnly guards (Sprint 74) > getGpsPermissionStatus liefert undetermined ohne Live-GPS 0ms
   Ô£ô Assist GPS UI wiring (Sprint 74) > TripsListView zeigt GPS-Vorbereitung-Banner 1ms
   Ô£ô Assist GPS UI wiring (Sprint 74) > TripsListHero zeigt GPS-Badge 1ms
   Ô£ô Assist GPS UI wiring (Sprint 74) > gpsLocationService ist eigenst├ñndiger Assist-Service 1ms
   Ô£ô Assist GPS UI wiring (Sprint 74) > app.config.ts deklariert expo-location Plugin 1ms
   Ô£ô EAS readiness (Sprint 73) > eas-preflight Script existiert 206ms
   Ô£ô EAS readiness (Sprint 73) > eas-preview-builds Doc existiert 2ms
 ÔØ» src/__tests__/portal/clientPortalPrompt59.test.ts (14 tests | 3 failed) 466ms
   ├ù Klient:innenportal Prompt 59 > 1. Klient:in sieht eigene geplante Eins├ñtze 253ms
     ÔåÆ expected 0 to be greater than 0
   Ô£ô Klient:innenportal Prompt 59 > 2. Klient:in sieht keine fremden Eins├ñtze 67ms
   ├ù Klient:innenportal Prompt 59 > 3. Vertretung sieht nur autorisierte Klient:innendaten 7ms
     ÔåÆ expected 0 to be greater than 0
   Ô£ô Klient:innenportal Prompt 59 > 4. Interne Notizen sind im Portal nicht sichtbar 3ms
   Ô£ô Klient:innenportal Prompt 59 > 5. Absage erzeugt Anfrage ohne Einsatz├ñnderung 3ms
   Ô£ô Klient:innenportal Prompt 59 > 6. Verschiebung erzeugt Anfrage ohne Einsatz├ñnderung 3ms
   Ô£ô Klient:innenportal Prompt 59 > 7. Nachricht an Verwaltung wird gespeichert 35ms
   Ô£ô Klient:innenportal Prompt 59 > 8. Dokument nur sichtbar wenn freigegeben 2ms
   Ô£ô Klient:innenportal Prompt 59 > 9. Signatur erzeugt Hash und Audit-Event 6ms
   Ô£ô Klient:innenportal Prompt 59 > 10. Direkte Route ohne Portal-Berechtigung blockiert 3ms
   Ô£ô Klient:innenportal Prompt 59 > 11. Cross-Tenant-Zugriff blockiert 24ms
   Ô£ô Klient:innenportal Prompt 59 > 12. Production Mode ohne Demo-Fallback 3ms
   Ô£ô Klient:innenportal Prompt 59 > Dashboard enth├ñlt Kernbereiche 3ms
   ├ù Klient:innenportal Prompt 59 > Abgeschlossene Eins├ñtze filtern korrekt 40ms
     ÔåÆ expected false to be true // Object.is equality
 Ô£ô src/__tests__/core/premiumDataTableSort.test.ts (4 tests) 4ms
 Ô£ô src/__tests__/office/officeBillingHeroes.test.ts (5 tests) 172ms
 Ô£ô src/__tests__/office/officeClientsList.test.ts (14 tests) 486ms
   Ô£ô Office Klient:innen list > fetchClientList liefert Demo-Klient:innen  368ms
 Ô£ô src/__tests__/office/officeEmployeesList.test.ts (14 tests) 678ms
 Ô£ô src/__tests__/office/officeAppointmentsList.test.ts (10 tests) 713ms
   Ô£ô Office Termine list > fetchAppointmentList liefert Demo-Termine  366ms
 ÔØ» src/__tests__/accounting/accountingConnect.test.ts (20 tests | 1 failed) 4151ms
   Ô£ô 0046_accounting_connect_prepared migration > legt alle sechs Buchhaltungs-Tabellen an 3ms
   Ô£ô 0046_accounting_connect_prepared migration > speichert keine Klartext-API-Keys 2ms
   Ô£ô 0046_accounting_connect_prepared migration > markiert Export ohne external_transfer ÔÇö kein completed-Status 0ms
   Ô£ô 0046_accounting_connect_prepared migration > aktiviert RLS auf allen Tabellen 0ms
   Ô£ô 0054_accounting_bank_reconciliation_prepared migration > legt Bankabgleich- und Audit-Tabellen an 1ms
   Ô£ô 0054_accounting_bank_reconciliation_prepared migration > erzwingt Zahlungsbeleg ÔÇö requires_receipt default true 0ms
   Ô£ô 0054_accounting_bank_reconciliation_prepared migration > aktiviert RLS auf neuen Tabellen 0ms
   Ô£ô Accounting Connect ÔÇö Provider vorbereitet > listet DATEV, Lexware, sevDesk als vorbereitete Adapter 88ms
   Ô£ô Accounting Connect ÔÇö Export ohne Produktiv-Konfiguration > datev ist ohne Konfiguration nicht produktiv ausf├╝hrbar  518ms
   Ô£ô Accounting Connect ÔÇö Export ohne Produktiv-Konfiguration > lexware_office ist ohne Konfiguration nicht produktiv ausf├╝hrbar  827ms
   Ô£ô Accounting Connect ÔÇö Export ohne Produktiv-Konfiguration > sevdesk ist ohne Konfiguration nicht produktiv ausf├╝hrbar  749ms
   Ô£ô Accounting Connect ÔÇö Export ohne Produktiv-Konfiguration > setzt Export-Status nicht f├ñlschlich auf exportiert  917ms
   Ô£ô Accounting Connect ÔÇö Export ohne Produktiv-Konfiguration > bereitet Rechnungsexport, Belegpaket und Steuerberater-ZIP ohne Transfer vor 35ms
   Ô£ô Accounting Connect ÔÇö Zahlungsabgleich ohne Beleg > importiert CSV und blockiert Zahlungsbest├ñtigung ohne Beleg 2ms
   Ô£ô Accounting Connect ÔÇö Zahlungsabgleich ohne Beleg > erlaubt reconciled_prepared nur mit Belegreferenz 1ms
   Ô£ô Accounting Connect ÔÇö GoBD-Schutz > blockiert direkte Bearbeitung archivierter Rechnung 291ms
   Ô£ô Accounting Connect ÔÇö GoBD-Schutz > legt bei Korrektur einen GoBD-Audit an  437ms
   Ô£ô Accounting Connect ÔÇö Provider-Konfiguration > normale Nutzer sehen keine Anbieter-Konfiguration 1ms
   Ô£ô Accounting Connect ÔÇö Provider-Konfiguration > Admin kann Konfiguration laden (ohne Klartext-Secrets) 259ms
   ├ù Accounting Connect ÔÇö kein Demo-Fallback im Live-Modus > blockiert Connect-Buchhaltung ohne Live-Repository 13ms
     ÔåÆ expected 'Demo-Daten im Produktionsmodus nicht ÔÇª' to match /Live-Modus/i
 Ô£ô src/__tests__/e2e/serviceFlows.test.ts (5 tests) 626ms
 Ô£ô src/__tests__/wp/wp519-reporting.test.ts (5 tests) 6ms
 Ô£ô src/__tests__/office/officeInvoicesList.test.ts (9 tests) 1108ms
   Ô£ô Office Rechnungen list > fetchInvoiceList liefert Demo-Rechnungen  413ms
   Ô£ô Office Rechnungen list > fetchInvoiceDetail liefert Demo-Detail  312ms
   Ô£ô Office Rechnungen list > InvoicesListView hat Suche, Filter und States  322ms
 Ô£ô src/__tests__/reporting/reportingList.test.ts (10 tests) 498ms
 Ô£ô src/__tests__/reporting/reportingMetrics.test.ts (13 tests) 775ms
 Ô£ô src/__tests__/office/officePhase4Crud.test.ts (6 tests) 1586ms
   Ô£ô Office employee & invoice services > loads and updates demo employee  707ms
   Ô£ô Office employee & invoice services > loads and updates demo invoice  862ms
 Ô£ô src/__tests__/documents/connectDocumentsGuard.test.ts (9 tests) 4172ms
   Ô£ô Connect Documents Guard & Services > blockiert OCR ohne konfigurierten Anbieter  518ms
   Ô£ô Connect Documents Guard & Services > blockiert Gesundheitsdaten-OCR ohne Freigabe  568ms
   Ô£ô Connect Documents Guard & Services > blockiert ├£berschreiben archivierter Dokumente  725ms
   Ô£ô Connect Documents Guard & Services > h├ñlt Dokumente mandantenisoliert  619ms
   Ô£ô Connect Documents Guard & Services > registriert vorbereitete Signatur nur mit aktivem Anbieter  900ms
   Ô£ô Connect Documents Guard & Services > erlaubt internes OCR vorbereitet ohne externen Transfer  571ms
 Ô£ô src/__tests__/office/officeClientRecordPhase4.test.ts (6 tests) 1995ms
   Ô£ô Office client record services > lists and updates consents for demo client  516ms
   Ô£ô Office client record services > adds medication and document for demo client  1204ms
 Ô£ô src/__tests__/office/officeContentArchitecture.test.ts (16 tests) 2430ms
   Ô£ô Office content architecture > officeModules Spezial-Services liefern Demo-Daten  1234ms
 Ô£ô src/__tests__/office/officeMessagesList.test.ts (14 tests) 3285ms
   Ô£ô Office Nachrichten list > fetchOfficeMessages liefert Demo-Office-Nachrichten  901ms
   Ô£ô Office Nachrichten list > fetchOfficeMessageDetail liefert Demo-Detail  436ms
   Ô£ô Office Nachrichten list > OfficeMessagesListView hat Suche, Filter und States  530ms
   Ô£ô Office Nachrichten list > sendDomainMessage persistiert Office-Nachricht  603ms
   Ô£ô Office Nachrichten list > replyToOfficeMessage sendet Demo-Antwort  767ms
 Ô£ô src/__tests__/documents/documentsReleaseGate.test.ts (21 tests) 1919ms
   Ô£ô Documents Release Gate & Acceptance > 3. Vorlage aktiv setzen  380ms
 Ô£ô src/__tests__/qm/qmModule.test.ts (22 tests) 3273ms
   Ô£ô QM Dashboard > QmDashboardScreen nutzt CareLightModuleDashboard  1030ms
   Ô£ô QM AI Assistant > erstellt KI-Entwurf ohne echten LLM  317ms
   Ô£ô QM AI Assistant > akzeptiert und verwirft Entw├╝rfe  675ms
 Ô£ô src/__tests__/documents/documentLifecycle.test.ts (10 tests) 1466ms
   Ô£ô document lifecycle > Audit Events werden geschrieben  430ms
 ÔØ» src/__tests__/einzelseiten/priorityScreens.test.ts (7 tests | 1 failed) 10208ms
   Ô£ô Priority Einzelseiten services > BodyMap markers can be created, updated and removed  1038ms
   Ô£ô Priority Einzelseiten services > SIS form has six topic fields and risk matrix persistence  940ms
   Ô£ô Priority Einzelseiten services > legal document workflow generates, signs and saves to record  1046ms
   ├ù Bridge route elimination > no EinzelseitenBridgeRoute remains in app routes 5286ms
     ÔåÆ Test timed out in 5000ms.
If this is a long-running test, pass a timeout value as the last argument or configure it globally with "testTimeout".
   Ô£ô Bridge route elimination > no titleOverride aliases remain in app routes  799ms
   Ô£ô Phase 4 dedicated module services > akademie dedicated lists return demo data  460ms
   Ô£ô Phase 4 dedicated module services > pflege information collections can be listed and created  624ms
 Ô£ô src/__tests__/marketplace/marketplaceGuards.test.ts (7 tests) 1475ms
   Ô£ô Marketplace guards & services > bucht keine Provision ohne abgeschlossenes Ereignis  432ms
   Ô£ô Marketplace guards & services > erzwingt Mandantenisolation  334ms
   Ô£ô Marketplace guards & services > sendet Anfrage nur bei aktivem Partner und Einwilligung  426ms
 Ô£ô src/__tests__/documents/documentTemplateEditor.test.ts (8 tests) 1424ms
   Ô£ô document template editor & live preview > Aktivsetzen nur bei valider Vorlage  571ms
 Ô£ô src/__tests__/arbeitsplan/dedicatedScreens.test.ts (4 tests) 1681ms
   Ô£ô Arbeitsplan dedicated screen services > Pflegebericht can be created with validation  311ms
   Ô£ô Arbeitsplan dedicated screen services > Beratungsprotokoll can be created and listed  732ms
   Ô£ô Arbeitsplan route audit heuristics > dedicated route screens do not use titleOverride  382ms
 Ô£ô src/__tests__/permissions/roleMatrix.test.ts (13 tests) 1480ms
   Ô£ô Rollenmatrix (Prompt 68) > 1. liefert 20 Systemrollen mit konservativen Defaults  323ms
   Ô£ô Rollenmatrix (Prompt 68) > 8. speichert Matrix-├änderungen mit Audit-Trail  395ms
 Ô£ô src/__tests__/pflege/pflegeBatch3.test.ts (13 tests) 1155ms
   Ô£ô Pflege Sprint Batch 3 (Sprint 77) > fetchVitalReadings liefert Demo-Daten mit guardServiceTenant  368ms
   Ô£ô Pflege Sprint Batch 3 (Sprint 77) > sisListService und Repository nutzen assessment_runs Live-Basis  494ms
 Ô£ô src/__tests__/pflege/pflegeBatch2.test.ts (12 tests) 1014ms
   Ô£ô Pflege Sprint Batch 2 (Sprint 76) > MedicationDetailHero und Service sind preparedOnly  328ms
 Ô£ô src/__tests__/pflege/bodyMapLive.test.ts (9 tests) 1014ms
   Ô£ô BodyMap live MVP (Prompt 02) > Demo-Modus: Marker CRUD funktioniert weiterhin  958ms
 Ô£ô src/__tests__/templates/templateSystem.test.ts (8 tests) 1236ms
   Ô£ô templateSystem ÔÇö Paket F > l├ñdt Mandantenvorlagen nach Erstellung  376ms
   Ô£ô templateSystem ÔÇö Paket F > Template kann im Demo-Modus erstellt und archiviert werden  321ms
 Ô£ô src/__tests__/office/clientContacts.test.ts (2 tests) 978ms
   Ô£ô ClientContacts > erstellt und aktualisiert Kontakt  767ms
 Ô£ô src/__tests__/office/clientNotesPortalIsolation.test.ts (4 tests) 979ms
   Ô£ô ClientNotes Portal Isolation > toPortalView entfernt internalNotes  316ms
   Ô£ô ClientNotes Portal Isolation > Timeline-Portalfilter schlie├ƒt interne Ereignisse aus  322ms
 Ô£ô src/__tests__/documents/contractServiceProofDocumentation.test.ts (11 tests) 931ms
   Ô£ô contract, service proof & documentation module > Audit-Events werden erstellt  561ms
 Ô£ô src/__tests__/office/clientFullDetail.test.ts (4 tests) 1273ms
   Ô£ô ClientFullDetail > l├ñdt vollst├ñndige Akte f├╝r Helga Schneider  332ms
   Ô£ô ClientFullDetail > l├ñdt vollst├ñndige Akte f├╝r Werner M├╝ller  328ms
   Ô£ô ClientFullDetail > maskiert sensible Felder ohne Berechtigung  308ms
   Ô£ô ClientFullDetail > liefert Minimal-Fallback f├╝r Clients ohne Full-Detail  302ms
 Ô£ô src/__tests__/connect/connectReleaseGate.test.ts (20 tests) 1148ms
   Ô£ô Connect Release Gate ÔÇö Szenario-Tests > 6. OCR ohne Anbieter blockiert  548ms
   Ô£ô Connect Release Gate ÔÇö Szenario-Tests > 10. Keine verbotenen Partner-Claims in Store/Marketing-Texten  319ms
 Ô£ô src/__tests__/preparedOnlyElimination.test.ts (8 tests) 767ms
   Ô£ô Prepared-only elimination sprint > Pflege CRUD services return demo data  752ms
 Ô£ô src/__tests__/e2e/livePilotRemote.test.ts (4 tests) 1174ms
   Ô£ô Live-Pilot Remote E2E (anon, unauthenticated) > communication_threads table is reachable on remote  1037ms
 Ô£ô src/__tests__/office/officePhase4Batch.test.ts (6 tests) 752ms
   Ô£ô Office Phase 4 services > loads invoice extension demo data  743ms
 Ô£ô src/__tests__/documents/invoiceDocument.test.ts (11 tests) 805ms
 Ô£ô src/__tests__/privacy/dsgvoAdminList.test.ts (4 tests) 700ms
   Ô£ô DSGVO Admin status update (Sprint 58) > updateDataSubjectRequestStatusForAdmin aktualisiert Demo-Status f├╝r business_admin  353ms
 Ô£ô src/__tests__/pflege/pflegePremiumHeroesBatch.test.ts (11 tests) 783ms
   Ô£ô Pflege Premium Heroes Batch (Sprint 75) > Medikation und Wunddokumentation Services nutzen guardServiceTenant  557ms
 Ô£ô src/__tests__/templates/templateCatalogSeeds.test.ts (8 tests) 761ms
   Ô£ô template catalog seeds > dropdown options are non-empty for MVP catalog types  682ms
 Ô£ô src/__tests__/office/employeePersonnelFilePrompt71.test.ts (13 tests) 540ms
 Ô£ô src/__tests__/ti/tiAudit.test.ts (4 tests) 676ms
   Ô£ô TI Audit Service > exportTIAuditLog erzeugt CSV und protokolliert Export  335ms
 Ô£ô src/__tests__/pflege/pflegeCarePlansList.test.ts (9 tests) 524ms
 Ô£ô src/__tests__/pflege/pflegeVitalReadingsList.test.ts (10 tests) 459ms
 Ô£ô src/__tests__/pflege/pflegeBatch4.test.ts (9 tests) 478ms
   Ô£ô Pflege Sprint Batch 4 (Sprint 78) > Batch 3 Live-Wiring bleibt intakt (Regression)  464ms
 Ô£ô src/__tests__/connect/connectDashboard.test.ts (12 tests) 19ms
 Ô£ô src/__tests__/wp/wp019-fundament.test.ts (2 tests) 407ms
   Ô£ô WP19 > Dashboard-Service liefert Snapshot  403ms
 Ô£ô src/__tests__/payments/paymentTransactionService.test.ts (4 tests) 398ms
   Ô£ô Payment Transaction Service > bereitet Zahlungslink nach Provider-Konfiguration vor  388ms
 Ô£ô src/__tests__/beratung/beratungCasesList.test.ts (10 tests) 343ms
   Ô£ô Beratung F├ñlle list > fetchCounselingCaseList liefert Demo-F├ñlle  332ms
 Ô£ô src/__tests__/medical/medicalCatalogPrepared.test.ts (15 tests) 672ms
   Ô£ô Medical Catalog Prepared (Migration 0047) > ICD kann als ├ñrztliche Angabe dokumentiert werden  320ms
 Ô£ô src/__tests__/assist/assistAssignmentsList.test.ts (9 tests) 617ms
   Ô£ô Assist Einsatzplanung list > fetchAssignmentList liefert Demo-Eins├ñtze  318ms
 Ô£ô src/__tests__/assist/assistTrackingList.test.ts (8 tests) 335ms
   Ô£ô Assist Live-Tracking list > fetchTrackingDashboard liefert Demo-Tracking-Daten  326ms
 Ô£ô src/__tests__/office/officeDocumentsList.test.ts (9 tests) 681ms
   Ô£ô Office Dokumente list > fetchOfficeDocumentList liefert Demo-Office-Dokumente  593ms
 Ô£ô src/__tests__/office/officeDashboard.test.ts (7 tests) 297ms
 Ô£ô src/__tests__/assist/assistTripsList.test.ts (12 tests) 338ms
   Ô£ô Assist Fahrten list > fetchTripLogList liefert Demo-Fahrten  316ms
 Ô£ô src/__tests__/communication/communicationCenterList.test.ts (13 tests) 333ms
 Ô£ô src/__tests__/communication/communicationCenter.test.ts (10 tests) 512ms
 Ô£ô src/__tests__/akademie/akademieCoursesList.test.ts (13 tests) 303ms
 Ô£ô src/__tests__/office/employeeDetailHero.test.ts (6 tests) 316ms
   Ô£ô Office Employee Detail Hero (Sprint 69) > fetchEmployeeDetail liefert Demo-Vollprofil  304ms
 Ô£ô src/__tests__/core/calendarGrouping.test.ts (2 tests) 711ms
   Ô£ô Calendar Grouping > gruppiert Eins├ñtze nach Datum  708ms
 Ô£ô src/__tests__/assist/assignmentWorkflow.test.ts (14 tests) 594ms
   Ô£ô assignment workflow (Prompt 57) > Kalenderwoche enth├ñlt Eins├ñtze aus Demo-Seed  537ms
 Ô£ô src/__tests__/assist/assistExecutionsList.test.ts (12 tests) 2022ms
   Ô£ô Assist Durchf├╝hrung list > fetchExecutionList liefert Demo-Eins├ñtze zur Durchf├╝hrung  509ms
   Ô£ô Assist Durchf├╝hrung list > ExecutionsListView hat Suche, Filter und States  1487ms
 Ô£ô src/__tests__/permissions/workspaceAccess.test.ts (15 tests) 326ms
   Ô£ô workspace access model > 2. Mitarbeiter sieht nur eigene Eins├ñtze  302ms
 Ô£ô src/__tests__/beratung/beratungCaseDetailHero.test.ts (4 tests) 256ms
 Ô£ô src/__tests__/akademie/courseDetailHero.test.ts (4 tests) 275ms
 Ô£ô src/__tests__/pflege/carePlanDetailHero.test.ts (4 tests) 833ms
   Ô£ô Pflege Care Plan Detail Hero (Sprint 67) > carePlanDetailService nutzt guardServiceTenant ohne service_role  541ms
 Ô£ô src/__tests__/stationaer/stationaerResidentsList.test.ts (13 tests) 286ms
 Ô£ô src/__tests__/documents/systemStandardTemplates.test.ts (9 tests) 253ms
 Ô£ô src/__tests__/stationaer/residentDetailHero.test.ts (4 tests) 272ms
 Ô£ô src/__tests__/office/complianceTraining.test.ts (10 tests) 70ms
 Ô£ô src/__tests__/ti/kimMailbox.test.ts (6 tests) 212ms
 Ô£ô src/__tests__/wp/wp539-release.test.ts (2 tests) 195ms
 Ô£ô src/__tests__/wp/wp599-roadmap.test.ts (2 tests) 188ms
 Ô£ô src/__tests__/wp/wp559-security.test.ts (2 tests) 193ms
 Ô£ô src/__tests__/wp/wp579-qa.test.ts (2 tests) 208ms
 Ô£ô src/__tests__/core/moduleVisibility.test.ts (15 tests) 778ms
   Ô£ô moduleVisibilityService > live office ist sichtbar und navigierbar  713ms
 Ô£ô src/__tests__/wp/wp239-billing.test.ts (2 tests) 178ms
 Ô£ô src/__tests__/core/productionMode.test.ts (7 tests) 142ms
 Ô£ô src/__tests__/wp/wp219-docs.test.ts (2 tests) 1340ms
   Ô£ô WP219 > Modul-Service liefert Snapshot  1334ms
 Ô£ô src/__tests__/wp/wp359-client-portal.test.ts (2 tests) 870ms
   Ô£ô WP359 > Modul-Service liefert Snapshot  865ms
 Ô£ô src/__tests__/wp/wp499-integrations.test.ts (2 tests) 1453ms
   Ô£ô WP499 > Modul-Service liefert Snapshot  1448ms
 Ô£ô src/__tests__/wp/wp299-care-records.test.ts (2 tests) 126ms
 Ô£ô src/__tests__/wp/wp319-trips.test.ts (2 tests) 139ms
 Ô£ô src/__tests__/wp/wp179-clients.test.ts (2 tests) 133ms
 Ô£ô src/__tests__/wp/wp399-stationaer.test.ts (2 tests) 131ms
 Ô£ô src/__tests__/wp/wp379-pflege.test.ts (2 tests) 152ms
 Ô£ô src/__tests__/wp/wp139-business.test.ts (2 tests) 141ms
 Ô£ô src/__tests__/wp/wp439-akademie.test.ts (2 tests) 128ms
 Ô£ô src/__tests__/wp/wp259-assist-planning.test.ts (2 tests) 144ms
 Ô£ô src/__tests__/wp/wp199-employees.test.ts (2 tests) 148ms
 Ô£ô src/__tests__/qm/qmHandbookEntry.test.ts (5 tests) 142ms
 Ô£ô src/__tests__/wp/wp159-office.test.ts (2 tests) 132ms
 Ô£ô src/__tests__/auth/temporaryPassword.test.ts (5 tests) 57ms
 Ô£ô src/__tests__/wp/wp279-execution.test.ts (2 tests) 131ms
 Ô£ô src/__tests__/wp/wp479-platform.test.ts (2 tests) 133ms
 Ô£ô src/__tests__/wp/wp459-catalog.test.ts (2 tests) 137ms
 Ô£ô src/__tests__/wp/wp419-beratung.test.ts (2 tests) 128ms
 Ô£ô src/__tests__/wp/wp339-employee-portal.test.ts (2 tests) 130ms
 Ô£ô src/__tests__/assist/routePlanning.test.ts (9 tests) 38ms
 Ô£ô src/__tests__/design/visualReality.test.ts (64 tests) 71ms
 Ô£ô src/__tests__/pflege/pflegeBatch5.test.ts (10 tests) 177ms
 Ô£ô src/__tests__/assist/assignmentCompletionChain.test.ts (16 tests) 111ms
 Ô£ô src/__tests__/sprint104ExtensionDetail.test.ts (8 tests) 174ms
 Ô£ô src/__tests__/stationaer/stationaerExtensionHeroes.test.ts (11 tests) 114ms
 Ô£ô src/__tests__/privacy/dsgvoAdminSla.test.ts (7 tests) 65ms
 Ô£ô src/__tests__/platform/platformOcrAiHeroesSprint103.test.ts (9 tests) 69ms
 Ô£ô src/__tests__/billing/pricingModel.test.ts (10 tests) 205ms
 Ô£ô src/__tests__/documents/placeholderManagement.test.ts (9 tests) 29ms
 Ô£ô src/__tests__/office/personalComplianceCockpit.test.ts (11 tests) 191ms
 Ô£ô src/__tests__/office/appointmentDetailHero.test.ts (3 tests) 476ms
   Ô£ô Office Appointment Detail Hero (Sprint 82) > buildAppointmentDetailKpis mappt Termin ehrlich  470ms
 Ô£ô src/__tests__/careBilling/careBilling.test.ts (17 tests) 26ms
 Ô£ô src/__tests__/inventory/inventoryModule.test.ts (25 tests) 435ms
   Ô£ô Inventar ÔÇö UI Wiring > Dashboard-Screen nutzt CareLightModuleDashboard  396ms
 Ô£ô src/__tests__/portal/employeePortalExecution.test.ts (14 tests) 282ms
 Ô£ô src/__tests__/platform/storeConfig.test.ts (31 tests) 16ms
 Ô£ô src/__tests__/recruiting/applicantManagement.test.ts (16 tests) 110ms
 Ô£ô src/__tests__/privacy/dsgvoScreens.test.ts (30 tests) 61ms
 Ô£ô src/__tests__/documents/templateEngine.test.ts (11 tests) 15ms
 Ô£ô src/__tests__/training/trainingPrepared.test.ts (17 tests) 96ms
 Ô£ô src/__tests__/connect/connectModule.test.ts (9 tests) 14ms
 Ô£ô src/__tests__/design/adaptiveShellAdoption.test.ts (21 tests) 12ms
 Ô£ô src/__tests__/tasks/internalTasks.test.ts (14 tests) 22ms
 Ô£ô src/__tests__/auth/liveSupabaseAuth.test.ts (5 tests) 15ms
 Ô£ô src/__tests__/assist/assignmentProduction.test.ts (11 tests) 19ms
 Ô£ô src/__tests__/connect/connectRoadmap.test.ts (15 tests) 30ms
 Ô£ô src/__tests__/admin/dataQuality.test.ts (13 tests) 17ms
 Ô£ô src/__tests__/connect/connectGateway.test.ts (16 tests) 13ms
 Ô£ô src/__tests__/sprint109-111.test.ts (11 tests) 22ms
 Ô£ô src/__tests__/clients/clientProduction.test.ts (9 tests) 15ms
 Ô£ô src/__tests__/gkvBilling/gkvBilling.test.ts (8 tests) 21ms
 Ô£ô src/__tests__/communication/communicationProviders.test.ts (16 tests) 13ms
 Ô£ô src/__tests__/consultation/consultationModule.test.ts (8 tests) 81ms
 Ô£ô src/__tests__/documents/documentCiLayout.test.ts (7 tests) 18ms
 Ô£ô src/__tests__/geo/geoPrivacy.test.ts (13 tests) 21ms
 Ô£ô src/__tests__/core/moduleAccess.test.ts (14 tests) 17ms
 Ô£ô src/__tests__/core/liveSupabaseWiring.test.ts (25 tests) 24ms
 Ô£ô src/__tests__/templates/templateListPremium.test.ts (8 tests) 9ms
 Ô£ô src/__tests__/sprint107AccessAdminHeroes.test.ts (14 tests) 21ms
 Ô£ô src/__tests__/admin/tenantOnboarding.test.ts (13 tests) 15ms
 Ô£ô src/__tests__/qm/qmHandbookLive.test.ts (11 tests) 9ms
 Ô£ô src/__tests__/billing/freePlatformStrategy.test.ts (15 tests) 16ms
 Ô£ô src/__tests__/core/applyLiveMigrations.test.ts (5 tests) 6ms
 Ô£ô src/__tests__/reporting/pdlCockpitLive.test.ts (7 tests) 10ms
 Ô£ô src/__tests__/sprint112-114.test.ts (10 tests) 25ms
 Ô£ô src/__tests__/office/officeDesktopListViewPreference.test.ts (16 tests) 28ms
 Ô£ô src/__tests__/auth/appStartPage.test.ts (12 tests) 12ms
 Ô£ô src/__tests__/sprint106AuthOnboardingPolish.test.ts (6 tests) 7ms
 Ô£ô src/__tests__/ti/tiConsent.test.ts (5 tests) 11ms
 Ô£ô src/__tests__/beratung/beratungExtensionHeroes.test.ts (7 tests) 11ms
 Ô£ô src/__tests__/qm/qmExtensionHeroes.test.ts (7 tests) 7ms
 Ô£ô src/__tests__/core/p0Restblocker.test.ts (11 tests) 10ms
 Ô£ô src/__tests__/akademie/akademieExtensionHeroes.test.ts (11 tests) 11ms
 Ô£ô src/__tests__/billing/connectBilling.test.ts (8 tests) 10ms
 Ô£ô src/__tests__/communication/communicationCompose.test.ts (5 tests) 13ms
 Ô£ô src/__tests__/release/releaseRoadmapListHero.test.ts (8 tests) 8ms
 Ô£ô src/__tests__/assist/assistExecutionsViewToggle.test.ts (3 tests) 6ms
 Ô£ô src/__tests__/office/officeDetailHeroes.test.ts (7 tests) 8ms
 Ô£ô src/__tests__/qm/qmDocumentLive.test.ts (12 tests) 10ms
 Ô£ô src/__tests__/auth/usernameGenerator.test.ts (8 tests) 9ms
 Ô£ô src/__tests__/modules/businessModuleHubHero.test.ts (6 tests) 11ms
 Ô£ô src/__tests__/beratung/beratungDashboardHero.test.ts (4 tests) 5ms
 Ô£ô src/__tests__/reporting/reportingReportsViewToggle.test.ts (4 tests) 6ms
 Ô£ô src/__tests__/assist/tripsCompleteAndTrackingLive.test.ts (10 tests) 14ms
 Ô£ô src/__tests__/stationaer/stationaerDashboardHero.test.ts (4 tests) 8ms
 Ô£ô src/__tests__/insight/insightLiveWiring.test.ts (7 tests) 23ms
 Ô£ô src/__tests__/integrations/integrationDetailHero.test.ts (4 tests) 5ms
 Ô£ô src/__tests__/sprint115-116.test.ts (7 tests) 11ms
 Ô£ô src/__tests__/stationaer/stationaerExtensionDesktopTables.test.ts (9 tests) 16ms
 Ô£ô src/__tests__/insight/insightDataSourcesSprint102.test.ts (8 tests) 23ms
 Ô£ô src/__tests__/business/businessExtensionListHeroes.test.ts (2 tests) 7ms
 Ô£ô src/__tests__/insight/insightExportDetail.test.ts (4 tests) 8ms
 Ô£ô src/__tests__/documents/connectDocumentsMigration.test.ts (9 tests) 7ms
 Ô£ô src/__tests__/core/serviceMode.test.ts (5 tests) 7ms
 Ô£ô src/__tests__/connect/medicalConnectPrepared.test.ts (6 tests) 12ms
 Ô£ô src/__tests__/office/officeEmployeesViewToggle.test.ts (3 tests) 6ms
 Ô£ô src/__tests__/release/releaseRoadmapHubHero.test.ts (6 tests) 7ms
 Ô£ô src/__tests__/ops/opsSecurityQaHubHero.test.ts (10 tests) 13ms
 Ô£ô src/__tests__/marketplace/marketplaceUi.test.ts (5 tests) 8ms
 Ô£ô src/__tests__/qm/qmReadConfirmationLive.test.ts (7 tests) 9ms
 Ô£ô src/__tests__/reporting/reportsLiveMigration.test.ts (2 tests) 6ms
 Ô£ô src/__tests__/sprint105DesktopTables.test.ts (8 tests) 10ms
 Ô£ô src/__tests__/templates/templateCenterEntry.test.ts (3 tests) 3ms
 Ô£ô src/__tests__/design/designAuditScript.test.ts (2 tests) 4ms
 Ô£ô src/__tests__/reporting/reportsLiveDetail.test.ts (8 tests) 5ms
 Ô£ô src/__tests__/insight/insightListDetail.test.ts (7 tests) 7ms
 Ô£ô src/__tests__/auth/passwordReset.test.ts (3 tests) 7ms
 Ô£ô src/__tests__/design/adaptiveComponents.test.ts (5 tests) 7ms
 Ô£ô src/__tests__/office/officeDocumentsInvoicesAppointmentsViewToggle.test.ts (7 tests) 11ms
 Ô£ô src/__tests__/privacy/dsgvoAdminNotify.test.ts (10 tests) 10ms
 Ô£ô src/__tests__/ti/tiDashboardHero.test.ts (4 tests) 6ms
 Ô£ô src/__tests__/navigation/moduleExtensionNav.test.ts (5 tests) 11ms
 Ô£ô src/__tests__/akademie/akademieDashboardHero.test.ts (4 tests) 8ms
 Ô£ô src/__tests__/assist/tripsLiveDetail.test.ts (6 tests) 9ms
 Ô£ô src/__tests__/core/tenantResolver.test.ts (5 tests) 10ms
 Ô£ô src/__tests__/akademie/akademieCoursesViewToggle.test.ts (4 tests) 9ms
 Ô£ô src/__tests__/assist/tripsLiveMigration.test.ts (2 tests) 5ms
 Ô£ô src/__tests__/stationaer/stationaerResidentsViewToggle.test.ts (4 tests) 119ms
 Ô£ô src/__tests__/portal/portalTabHero.test.ts (6 tests) 7ms
 Ô£ô src/__tests__/connect/connectMigration.test.ts (8 tests) 12ms
 Ô£ô src/__tests__/payments/paymentStatusLogic.test.ts (6 tests) 6ms
 Ô£ô src/__tests__/payments/paymentWebhookGuard.test.ts (4 tests) 148ms
 Ô£ô src/__tests__/stationaer/residentsLiveDetail.test.ts (6 tests) 6ms
 Ô£ô src/__tests__/akademie/coursesLiveDetail.test.ts (6 tests) 7ms
 Ô£ô src/__tests__/akademie/coursesLiveMigration.test.ts (2 tests) 5ms
 Ô£ô src/__tests__/core/designTokenConsolidation.test.ts (8 tests) 7ms
 Ô£ô src/__tests__/pilot/pilotReadiness.test.ts (6 tests) 11ms
 Ô£ô src/__tests__/assist/assistTripsViewToggle.test.ts (3 tests) 7ms
 Ô£ô src/__tests__/integrations/integrationsHubHero.test.ts (5 tests) 10ms
 Ô£ô src/__tests__/auth/portalCodeGenerator.test.ts (5 tests) 7ms
 Ô£ô src/__tests__/design/useResponsiveValue.test.ts (5 tests) 4ms
 Ô£ô src/__tests__/navigation/routesRegistry.test.ts (4 tests) 95ms
 Ô£ô src/__tests__/ti/kimMessageDetailHero.test.ts (6 tests) 18ms
 Ô£ô src/__tests__/navigation/einzelseitenRouteMap.test.ts (5 tests) 6ms
 Ô£ô src/__tests__/business/businessDetailHeroes.test.ts (4 tests) 7ms
 Ô£ô src/__tests__/office/employeesLiveDetail.test.ts (6 tests) 11ms
 Ô£ô src/__tests__/ti/tiAuditLogHero.test.ts (2 tests) 4ms
 Ô£ô src/__tests__/marketplace/marketplaceMigration.test.ts (6 tests) 10ms
 Ô£ô src/__tests__/insight/insightModuleScaffold.test.ts (5 tests) 7ms
 Ô£ô src/__tests__/beratung/beratungCasesViewToggle.test.ts (3 tests) 7ms
 Ô£ô src/__tests__/qm/qmDocumentDetailHero.test.ts (4 tests) 9ms
 Ô£ô src/__tests__/assist/careRecordsListHero.test.ts (2 tests) 4ms
 Ô£ô src/__tests__/assist/assistDashboardHero.test.ts (4 tests) 5ms
 Ô£ô src/__tests__/stationaer/livingAreasListHero.test.ts (3 tests) 6ms
 Ô£ô src/__tests__/qm/qmDashboardHero.test.ts (4 tests) 5ms
 Ô£ô src/__tests__/assist/assistAssignmentsViewToggle.test.ts (3 tests) 5ms
 Ô£ô src/__tests__/core/moduleAccessRepository.test.ts (2 tests) 5ms
 Ô£ô src/__tests__/office/officeDashboardHero.test.ts (3 tests) 6ms
 Ô£ô src/__tests__/core/permissions.test.ts (3 tests) 5ms
 Ô£ô src/__tests__/office/officeClientsViewToggle.test.ts (3 tests) 5ms
 Ô£ô src/__tests__/portal/portalDocumentDetailHero.test.ts (3 tests) 5ms
 Ô£ô src/__tests__/portal/portalMessageDetailHero.test.ts (3 tests) 21ms
 Ô£ô src/__tests__/portal/portalAnnouncementsHero.test.ts (3 tests) 5ms
 Ô£ô src/__tests__/stationaer/residentsLiveMigration.test.ts (2 tests) 7ms
 Ô£ô src/__tests__/assist/gpsMigration.test.ts (3 tests) 7ms
 Ô£ô src/__tests__/assist/assistCalendarHero.test.ts (3 tests) 9ms
 Ô£ô src/__tests__/reporting/pdlCockpitHero.test.ts (3 tests) 7ms
 Ô£ô src/__tests__/design/useDeviceClass.test.ts (4 tests) 11ms
 Ô£ô src/__tests__/platform/breakpoints.test.ts (5 tests) 8ms
 Ô£ô src/__tests__/portal/portalRelativeHero.test.ts (2 tests) 7ms
 Ô£ô src/__tests__/portal/portalEmployeeAssignmentDetailHero.test.ts (2 tests) 7ms
 Ô£ô src/__tests__/design/adaptiveKpiGrid.test.ts (5 tests) 5ms
 Ô£ô src/__tests__/core/clientValidation.test.ts (5 tests) 52ms
 Ô£ô src/__tests__/ti/tiConsentListHero.test.ts (2 tests) 7ms
 Ô£ô src/__tests__/ti/kimMailboxHero.test.ts (2 tests) 4ms
 Ô£ô src/__tests__/portal/portalAppointmentDetailHero.test.ts (2 tests) 7ms
 Ô£ô src/__tests__/ti/tiPermissions.test.ts (8 tests) 5ms
 Ô£ô src/__tests__/design/appStartResponsiveLayout.test.ts (5 tests) 5ms
 Ô£ô src/__tests__/wp/wp099-auth.test.ts (2 tests) 4ms
 Ô£ô src/__tests__/design/themeBridge.test.ts (5 tests) 7ms
 Ô£ô src/__tests__/platform/platformLayout.test.ts (4 tests) 7ms
 Ô£ô src/__tests__/core/workflowEngine.test.ts (4 tests) 4ms
 Ô£ô src/__tests__/core/employeeValidation.test.ts (2 tests) 4ms

ÔÄ»ÔÄ»ÔÄ»ÔÄ»ÔÄ»ÔÄ» Failed Tests 36 ÔÄ»ÔÄ»ÔÄ»ÔÄ»ÔÄ»ÔÄ»ÔÄ»

 FAIL  src/__tests__/accounting/accountingConnect.test.ts > Accounting Connect ÔÇö kein Demo-Fallback im Live-Modus > 
blockiert Connect-Buchhaltung ohne Live-Repository
AssertionError: expected 'Demo-Daten im Produktionsmodus nicht ÔÇª' to match /Live-Modus/i

- Expected: 
/Live-Modus/i

+ Received: 
"Demo-Daten im Produktionsmodus nicht erlaubt."

 ÔØ» src/__tests__/accounting/accountingConnect.test.ts:378:31
    376|     expect(dashboard.ok).toBe(false);
    377|     if (!dashboard.ok) {
    378|       expect(dashboard.error).toMatch(/Produktionsmodus|Live-Modus/i);
       |                               ^
    379|     }
    380| 

ÔÄ»ÔÄ»ÔÄ»ÔÄ»ÔÄ»ÔÄ»ÔÄ»ÔÄ»ÔÄ»ÔÄ»ÔÄ»ÔÄ»ÔÄ»ÔÄ»ÔÄ»ÔÄ»ÔÄ»ÔÄ»ÔÄ»ÔÄ»ÔÄ»ÔÄ»ÔÄ»[1/36]ÔÄ»

 FAIL  src/__tests__/assist/assistServiceCatalog.test.ts > Assist Leistungskatalog (Migration 0053) > 6. 
Mandantenisolation und kein Demo-Fallback im Produktivmodus
AssertionError: expected 'Demo-Daten im Produktionsmodus nicht ÔÇª' to contain 'Live-Modus'

Expected: "Live-Modus"
Received: "Demo-Daten im Produktionsmodus nicht erlaubt."

 ÔØ» src/__tests__/assist/assistServiceCatalog.test.ts:226:33
    225| });
    226| 
    227| describe('Assist Leistungskatalog Wiring', () => {
       |                                ^
    228|   it('Live-Repository referenziert Migration 0053', () => {
    229|     const repo = readSrc('src/lib/assistServiceCatalog/assistServiceCaÔÇª

ÔÄ»ÔÄ»ÔÄ»ÔÄ»ÔÄ»ÔÄ»ÔÄ»ÔÄ»ÔÄ»ÔÄ»ÔÄ»ÔÄ»ÔÄ»ÔÄ»ÔÄ»ÔÄ»ÔÄ»ÔÄ»ÔÄ»ÔÄ»ÔÄ»ÔÄ»ÔÄ»[2/36]ÔÄ»

 FAIL  src/__tests__/assist/gpsLocationService.test.ts > gpsLocationService preparedOnly guards (Sprint 74) > 
requestGpsForegroundPermission blockiert im preparedOnly-Modus
AssertionError: expected 'Karten, Routing und GPS-Ortung sind vÔÇª' to contain 'Vorbereitung'

Expected: "Vorbereitung"
Received: "Karten, Routing und GPS-Ortung sind vorbereitet. Externe Provider und Live-Tracking sind ohne Freigabe 
blockiert."

 ÔØ» src/__tests__/assist/gpsLocationService.test.ts:53:28
     51|     expect(result.ok).toBe(false);
     52|     if (!result.ok) {
     53|       expect(result.error).toContain('Vorbereitung');
       |                            ^
     54|     }
     55|     expect(locationMock.requestForegroundPermissionsAsync).not.toHaveBÔÇª

ÔÄ»ÔÄ»ÔÄ»ÔÄ»ÔÄ»ÔÄ»ÔÄ»ÔÄ»ÔÄ»ÔÄ»ÔÄ»ÔÄ»ÔÄ»ÔÄ»ÔÄ»ÔÄ»ÔÄ»ÔÄ»ÔÄ»ÔÄ»ÔÄ»ÔÄ»ÔÄ»[3/36]ÔÄ»

 FAIL  src/__tests__/assist/liveMonitor.test.ts > Live Monitor (Prompt 60) > 13. Production Mode ohne Fake-Live-Daten
AssertionError: expected 'Demo-Daten im Produktionsmodus nicht ÔÇª' to contain 'Live-Monitor'

Expected: "Live-Monitor"
Received: "Demo-Daten im Produktionsmodus nicht erlaubt."

 ÔØ» src/__tests__/assist/liveMonitor.test.ts:294:29
    292|     expect(monitor.ok).toBe(false);
    293|     if (!monitor.ok) {
    294|       expect(monitor.error).toContain('Live-Monitor');
       |                             ^
    295|     }
    296|   });

ÔÄ»ÔÄ»ÔÄ»ÔÄ»ÔÄ»ÔÄ»ÔÄ»ÔÄ»ÔÄ»ÔÄ»ÔÄ»ÔÄ»ÔÄ»ÔÄ»ÔÄ»ÔÄ»ÔÄ»ÔÄ»ÔÄ»ÔÄ»ÔÄ»ÔÄ»ÔÄ»[4/36]ÔÄ»

 FAIL  src/__tests__/assist/qmCockpit.test.ts > QM Cockpit (Prompt 65) > 2. Kein Cross-Tenant im Cockpit
AssertionError: expected false to be true // Object.is equality

- Expected
+ Received

- true
+ false

 ÔØ» src/__tests__/assist/qmCockpit.test.ts:136:24
    134|     createTodayAssignment();
    135|     const foreign = fetchQmCockpitSnapshot(FOREIGN, ADMIN);
    136|     expect(foreign.ok).toBe(true);
       |                        ^
    137|     if (foreign.ok) expect(foreign.data.totalOpen).toBe(0);
    138|   });

ÔÄ»ÔÄ»ÔÄ»ÔÄ»ÔÄ»ÔÄ»ÔÄ»ÔÄ»ÔÄ»ÔÄ»ÔÄ»ÔÄ»ÔÄ»ÔÄ»ÔÄ»ÔÄ»ÔÄ»ÔÄ»ÔÄ»ÔÄ»ÔÄ»ÔÄ»ÔÄ»[5/36]ÔÄ»

 FAIL  src/__tests__/assist/qmCockpit.test.ts > QM Cockpit (Prompt 65) > 15. Production Mode blockiert Demo-Fallbacks
AssertionError: expected 'Demo-Daten im Produktionsmodus nicht ÔÇª' to contain 'QM-Cockpit'

Expected: "QM-Cockpit"
Received: "Demo-Daten im Produktionsmodus nicht erlaubt."

 ÔØ» src/__tests__/assist/qmCockpit.test.ts:416:46
    414|     const snapshot = fetchQmCockpitSnapshot(TENANT, ADMIN);
    415|     expect(snapshot.ok).toBe(false);
    416|     if (!snapshot.ok) expect(snapshot.error).toContain('QM-Cockpit');
       |                                              ^
    417|   });
    418| 

ÔÄ»ÔÄ»ÔÄ»ÔÄ»ÔÄ»ÔÄ»ÔÄ»ÔÄ»ÔÄ»ÔÄ»ÔÄ»ÔÄ»ÔÄ»ÔÄ»ÔÄ»ÔÄ»ÔÄ»ÔÄ»ÔÄ»ÔÄ»ÔÄ»ÔÄ»ÔÄ»[6/36]ÔÄ»

 FAIL  src/__tests__/auth/authAccessModel.test.ts > authAccessModel > does not restrict tenant id in live service mode
AssertionError: expected { ok: false, ÔÇª(1) } to be null

- Expected: 
null

+ Received: 
{
  "error": "Demo-Daten im Produktionsmodus nicht erlaubt.",
  "ok": false,
}

 ÔØ» src/__tests__/auth/authAccessModel.test.ts:208:49
    206| 
    207|     expect(getServiceMode()).toBe('supabase');
    208|     expect(assertTenantForMode(DEMO_TENANT_ID)).toBeNull();
       |                                                 ^
    209|     expect(assertTenantForMode('aaaaaaaa-bbbb-cccc-dddd-eeeeeeeeeeee')ÔÇª
    210|   });

ÔÄ»ÔÄ»ÔÄ»ÔÄ»ÔÄ»ÔÄ»ÔÄ»ÔÄ»ÔÄ»ÔÄ»ÔÄ»ÔÄ»ÔÄ»ÔÄ»ÔÄ»ÔÄ»ÔÄ»ÔÄ»ÔÄ»ÔÄ»ÔÄ»ÔÄ»ÔÄ»[7/36]ÔÄ»

 FAIL  src/__tests__/careBilling/billingCycle.test.ts > CareSuite+ Monatsabschluss / Rechnungslauf / Mahnwesen > 1. 
Monatsabschluss-Rechnungslauf aus abrechnungsbereiten Positionen
AssertionError: expected false to be true // Object.is equality

- Expected
+ Received

- true
+ false

 ÔØ» src/__tests__/careBilling/billingCycle.test.ts:196:25
    194|     });
    195|     expect(finalize.ok).toBe(true);
    196|     expect(finalize.invoicesFinalized).toBe(1);
       |                         ^
    197|     expect(finalize.receivablesCreated).toBe(1);
    198| 

ÔÄ»ÔÄ»ÔÄ»ÔÄ»ÔÄ»ÔÄ»ÔÄ»ÔÄ»ÔÄ»ÔÄ»ÔÄ»ÔÄ»ÔÄ»ÔÄ»ÔÄ»ÔÄ»ÔÄ»ÔÄ»ÔÄ»ÔÄ»ÔÄ»ÔÄ»ÔÄ»[8/36]ÔÄ»

 FAIL  src/__tests__/careBilling/billingCycle.test.ts > CareSuite+ Monatsabschluss / Rechnungslauf / Mahnwesen > 4. 
Gesetzliche Kassenabrechnung nur vorbereitet, nicht produktiv
AssertionError: expected +0 to be 1 // Object.is equality

- Expected
+ Received

- 1
+ 0

 ÔØ» src/__tests__/careBilling/billingCycle.test.ts:236:40
    235|     expect(finalize.invoicesFinalized).toBe(1);
    236| 
    237|     const runs = listBillingRuns(TENANT_A);
       |                                       ^
    238|     const run = runs[0];
    239|     const items = finalize.invoicesFinalized;

ÔÄ»ÔÄ»ÔÄ»ÔÄ»ÔÄ»ÔÄ»ÔÄ»ÔÄ»ÔÄ»ÔÄ»ÔÄ»ÔÄ»ÔÄ»ÔÄ»ÔÄ»ÔÄ»ÔÄ»ÔÄ»ÔÄ»ÔÄ»ÔÄ»ÔÄ»ÔÄ»[9/36]ÔÄ»

 FAIL  src/__tests__/careBilling/billingCycle.test.ts > CareSuite+ Monatsabschluss / Rechnungslauf / Mahnwesen > 5. 
Forderung aus finalisierter Rechnung mit offenem Betrag
AssertionError: expected [] to have a length of 1 but got +0

- Expected
+ Received

- 1
+ 0

 ÔØ» src/__tests__/careBilling/billingCycle.test.ts:255:25
    253|     const receivables = listReceivables(TENANT_A);
    254|     expect(receivables).toHaveLength(1);
    255|     expect(receivables[0].openAmountCents).toBeGreaterThan(0);
       |                         ^
    256|     expect(receivables[0].invoiceNumber).toBeTruthy();
    257|   });

ÔÄ»ÔÄ»ÔÄ»ÔÄ»ÔÄ»ÔÄ»ÔÄ»ÔÄ»ÔÄ»ÔÄ»ÔÄ»ÔÄ»ÔÄ»ÔÄ»ÔÄ»ÔÄ»ÔÄ»ÔÄ»ÔÄ»ÔÄ»ÔÄ»ÔÄ»[10/36]ÔÄ»

 FAIL  src/__tests__/careBilling/billingCycle.test.ts > CareSuite+ Monatsabschluss / Rechnungslauf / Mahnwesen > 6. 
Kein Mahnlauf ohne offene f├ñllige Forderung
AssertionError: expected false to be true // Object.is equality

- Expected
+ Received

- true
+ false

 ÔØ» src/__tests__/careBilling/billingCycle.test.ts:270:24
    268|     const dunning = prepareDunningRun({ tenantId: TENANT_A });
    269|     expect(dunning.ok).toBe(true);
    270|     expect(dunning.receivableCount).toBe(1);
       |                        ^
    271|   });
    272| 

ÔÄ»ÔÄ»ÔÄ»ÔÄ»ÔÄ»ÔÄ»ÔÄ»ÔÄ»ÔÄ»ÔÄ»ÔÄ»ÔÄ»ÔÄ»ÔÄ»ÔÄ»ÔÄ»ÔÄ»ÔÄ»ÔÄ»ÔÄ»ÔÄ»ÔÄ»[11/36]ÔÄ»

 FAIL  src/__tests__/careBilling/billingCycle.test.ts > CareSuite+ Monatsabschluss / Rechnungslauf / Mahnwesen > 7. 
Mandantenisolation ÔÇö Tenant B sieht keine L├ñufe von Tenant A
AssertionError: expected +0 to be 1 // Object.is equality

- Expected
+ Received

- 1
+ 0

 ÔØ» src/__tests__/careBilling/billingCycle.test.ts:280:46
    278|     expect(listBillingRuns(TENANT_B).length).toBe(0);
    279|     expect(listReceivables(TENANT_A).length).toBe(1);
    280|     expect(listReceivables(TENANT_B).length).toBe(0);
       |                                              ^
    281|   });
    282| 

ÔÄ»ÔÄ»ÔÄ»ÔÄ»ÔÄ»ÔÄ»ÔÄ»ÔÄ»ÔÄ»ÔÄ»ÔÄ»ÔÄ»ÔÄ»ÔÄ»ÔÄ»ÔÄ»ÔÄ»ÔÄ»ÔÄ»ÔÄ»ÔÄ»ÔÄ»[12/36]ÔÄ»

 FAIL  src/__tests__/clients/clientIntakeRecordRebuild.test.ts > Client Intake & Record Rebuild > Listeneinstieg 
verweist auf Neuaufnahme-Wizard
AssertionError: expected 'import { FlatList, RefreshControl, ScÔÇª' to contain 'CLIENT_INTAKE_NEW_ROUTE'

- Expected
+ Received

- CLIENT_INTAKE_NEW_ROUTE
+ import { FlatList, RefreshControl, ScrollView, StyleSheet, Text, View } from 'react-native';
+ import { useRouter } from 'expo-router';
+ import { useMemo } from 'react';
+ import { AdaptiveActionBar } from '@/components/adaptive';
+ import { ClientListCard } from './ClientListCard';
+ import { ClientsListHero } from './ClientsListHero';
+ import { ClientsListTable } from './ClientsListTable';
+ import {
+   EmptyState,
+   ErrorState,
+   FilterChipGroup,
+   LoadingState,
+   PremiumButton,
+   PremiumInput,
+   SuccessState,
+ } from '@/components/ui';
+ import {
+   buildClientListKpis,
+   type ClientCareLevelFilterKey,
+ } from '@/data/demo/clientListStats';
+ import { useClientList } from '@/hooks/useClientList';
+ import { useDesktopListViewPreference } from '@/hooks/useDesktopListViewPreference';
+ import { usePermissions } from '@/hooks/usePermissions';
+ import { useDeviceClass } from '@/hooks/platform/useDeviceClass';
+ import { usePlatformLayout } from '@/hooks/platform/usePlatformLayout';
+ import { isDesktopClass } from '@/lib/platform/breakpoints';
+ import { useTableColumnSort } from '@/lib/table/tableColumnSort';
+ import { useAuth } from '@/lib/auth/context';
+ import { clientCreateRoute, clientRecordRoute } from '@/lib/navigation/clientRoutes';
+ import { colors, spacing, typography } from '@/theme';
+
+ type ClientsListViewProps = {
+   onClientPress?: (id: string) => void;
+   selectedId?: string | null;
+   embedded?: boolean;
+ };
+
+ export function ClientsListView({
+   onClientPress,
+   selectedId = null,
+   embedded = false,
+ }: ClientsListViewProps) {
+   const router = useRouter();
+   const { profile } = useAuth();
+   const { can, isReadOnly, roleLabel } = usePermissions();
+   const { shellVariant } = usePlatformLayout();
+   const deviceClass = useDeviceClass();
+   const isDesktop = isDesktopClass(deviceClass);
+   const { viewMode, setViewMode } = useDesktopListViewPreference('office.clients');
+   const useTableLayout = isDesktop && viewMode === 'table';
+   const canCreate = can('office.clients.create');
+   const roleKey = profile?.roleKey ?? 'business_admin';
+
+   const handleClientPress = (id: string) => {
+     if (onClientPress) {
+       onClientPress(id);
+       return;
+     }
+     router.push(clientRecordRoute(id) as never);
+   };
+
+   const {
+     items,
+     totalCount,
+     filteredCount,
+     loading,
+     error,
+     refreshing,
+     showSuccess,
+     search,
+     setSearch,
+     statusFilter,
+     setStatusFilter,
+     careLevelFilter,
+     setCareLevelFilter,
+     lifecycleFilter,
+     setLifecycleFilter,
+     costBearerFilter,
+     setCostBearerFilter,
+     sortKey,
+     setSortKey,
+     sortOptions,
+     statusFilters,
+     lifecycleFilters,
+     careLevelFilters,
+     costBearerFilters,
+     hasMore,
+     loadMore,
+     refresh,
+     resetFilters,
+     hasActiveFilters,
+     isEmpty,
+     isFilterEmpty,
+     allItems,
+   } = useClientList();
+
+   const kpis = useMemo(() => buildClientListKpis(allItems), [allItems]);
+   const compactHero = embedded || shellVariant === 'desktop';
+   const tableSort = useTableColumnSort(sortKey, setSortKey, sortOptions, {
+     name: 'lastName',
+     city: 'city',
+   });
+
+   const toolbar = (
+     <View style={styles.toolbar}>
+       {embedded ? (
+         <View style={styles.embeddedHeader}>
+           <Text style={styles.embeddedTitle}>Klient:innen</Text>
+           <Text style={styles.embeddedMeta}>
+             {filteredCount} von {totalCount}
+           </Text>
+         </View>
+       ) : (
+         <ClientsListHero
+           kpis={kpis}
+           roleKey={roleKey}
+           filteredCount={filteredCount}
+           totalCount={totalCount}
+           canCreate={canCreate}
+           isReadOnly={isReadOnly}
+           onCreatePress={() => router.push(clientCreateRoute() as never)}
+           compact={compactHero}
+           viewMode={viewMode}
+           onViewModeChange={setViewMode}
+           showViewToggle={isDesktop && !embedded}
+         />
+       )}
+
+       {showSuccess ? (
+         <SuccessState message="Liste erfolgreich aktualisiert." />
+       ) : null}
+
+       <PremiumInput
+         label="Suche"
+         placeholder="Name oder Ort suchenÔÇª"
+         value={search}
+         onChangeText={setSearch}
+         autoCapitalize="words"
+         autoCorrect={false}
+         hint={`${filteredCount} von ${totalCount} Klient:innen`}
+       />
+
+       <Text style={styles.filterLabel}>Lebenszyklus</Text>
+       <FilterChipGroup
+         options={lifecycleFilters}
+         value={lifecycleFilter}
+         onChange={(value) => setLifecycleFilter(value as 'all' | 'active' | 'archived')}
+       />
+
+       <Text style={styles.filterLabel}>Status</Text>
+       <FilterChipGroup
+         options={statusFilters}
+         value={statusFilter}
+         onChange={setStatusFilter}
+       />
+
+       <Text style={styles.filterLabel}>Pflegegrad</Text>
+       <FilterChipGroup
+         options={careLevelFilters}
+         value={careLevelFilter}
+         onChange={(value) => setCareLevelFilter(value as ClientCareLevelFilterKey)}
+       />
+
+       {costBearerFilters.length > 1 ? (
+         <>
+           <Text style={styles.filterLabel}>Kostentr├ñger</Text>
+           <FilterChipGroup
+             options={costBearerFilters}
+             value={costBearerFilter}
+             onChange={setCostBearerFilter}
+           />
+         </>
+       ) : null}
+
+       <Text style={styles.filterLabel}>Sortierung</Text>
+       <FilterChipGroup
+         options={sortOptions}
+         value={sortKey}
+         onChange={setSortKey}
+       />
+     </View>
+   );
+
+   if (loading && items.length === 0) {
+     return (
+       <View style={styles.container}>
+         {!embedded ? toolbar : null}
+         <LoadingState message="Klient:innen werden geladenÔÇª" />
+       </View>
+     );
+   }
+
+   if (error && items.length === 0 && totalCount === 0) {
+     return (
+       <View style={styles.container}>
+         <ErrorState message={error} onRetry={refresh} />
+       </View>
+     );
+   }
+
+   const emptyContent = isEmpty ? (
+     <EmptyState
+       title="Noch keine Klient:innen"
+       message={
+         canCreate
+           ? 'Legen Sie die erste Klient:in an, um mit der Verwaltung zu beginnen.'
+           : `Noch keine Klient:innen vorhanden. Anlegen ist f├╝r ${roleLabel ?? 'Ihre Rolle'} nicht freigegeben.`
+       }
+       actionLabel={canCreate ? 'Klient:in anlegen' : undefined}
+       onAction={canCreate ? () => router.push(clientCreateRoute() as never) : undefined}
+     />
+   ) : isFilterEmpty ? (
+     <EmptyState
+       title="Keine Treffer"
+       message="F├╝r Ihre Suche oder Filter wurden keine Klient:innen gefunden."
+       actionLabel="Filter zur├╝cksetzen"
+       onAction={resetFilters}
+     />
+   ) : null;
+
+   const footerContent =
+     hasMore ? (
+       <PremiumButton
+         title="Weitere laden"
+         variant="secondary"
+         fullWidth
+         onPress={loadMore}
+         style={styles.loadMore}
+       />
+     ) : filteredCount > 0 ? (
+       <Text style={styles.footer}>
+         {filteredCount} Klient:innen angezeigt
+         {hasActiveFilters ? ' (gefiltert)' : ''}
+       </Text>
+     ) : null;
+
+   if (useTableLayout) {
+     return (
+       <View style={styles.container}>
+         <ScrollView
+           style={styles.flatList}
+           contentContainerStyle={styles.list}
+           showsVerticalScrollIndicator={false}
+           refreshControl={
+             <RefreshControl
+               refreshing={refreshing}
+               onRefresh={refresh}
+               tintColor={colors.primary}
+             />
+           }
+         >
+           {toolbar}
+           {emptyContent ?? (
+             <>
+               <ClientsListTable
+                 clients={items}
+                 selectedId={selectedId}
+                 onClientPress={handleClientPress}
+                 onOpenDetail={(id) => router.push(clientRecordRoute(id) as never)}
+                 sortColumnKey={tableSort.sortColumnKey}
+                 sortDirection={tableSort.sortDirection}
+                 onSortColumn={tableSort.onSortColumn}
+               />
+               {footerContent}
+             </>
+           )}
+           {useTableLayout && !embedded ? (
+             <AdaptiveActionBar
+               tertiary={
+                 <Text style={styles.actionMeta}>
+                   {filteredCount} von {totalCount} Klient:innen
+                 </Text>
+               }
+               secondary={
+                 hasActiveFilters ? (
+                   <PremiumButton
+                     title="Filter zur├╝cksetzen"
+                     variant="ghost"
+                     size="sm"
+                     onPress={resetFilters}
+                   />
+                 ) : (
+                   <PremiumButton
+                     title="Aktualisieren"
+                     variant="ghost"
+                     size="sm"
+                     onPress={refresh}
+                   />
+                 )
+               }
+               primary={
+                 canCreate ? (
+                   <PremiumButton
+                     title="+ Neu"
+                     size="sm"
+                     onPress={() => router.push(clientCreateRoute() as never)}
+                   />
+                 ) : undefined
+               }
+             />
+           ) : null}
+         </ScrollView>
+         {embedded && canCreate ? (
+           <View style={styles.embeddedCta}>
+             <PremiumButton
+               title="+ Neu"
+               size="sm"
+               onPress={() => router.push(clientCreateRoute() as never)}
+             />
+           </View>
+         ) : null}
+       </View>
+     );
+   }
+
+   return (
+     <View style={styles.container}>
+       <FlatList
+         style={styles.flatList}
+         data={items}
+         keyExtractor={(item) => item.id}
+         ListHeaderComponent={toolbar}
+         ListEmptyComponent={emptyContent}
+         ListFooterComponent={footerContent}
+         renderItem={({ item }) => (
+           <ClientListCard
+             client={item}
+             selected={selectedId === item.id}
+             onPress={() => handleClientPress(item.id)}
+           />
+         )}
+         contentContainerStyle={styles.list}
+         showsVerticalScrollIndicator={false}
+         refreshControl={
+           <RefreshControl
+             refreshing={refreshing}
+             onRefresh={refresh}
+             tintColor={colors.primary}
+           />
+         }
+       />
+       {embedded && canCreate ? (
+         <View style={styles.embeddedCta}>
+           <PremiumButton
+             title="+ Neu"
+             size="sm"
+             onPress={() => router.push(clientCreateRoute() as never)}
+           />
+         </View>
+       ) : null}
+     </View>
+   );
+ }
+
+ const styles = StyleSheet.create({
+   container: {
+     flex: 1,
+   },
+   flatList: {
+     flex: 1,
+   },
+   toolbar: {
+     gap: spacing.sm,
+     marginBottom: spacing.md,
+   },
+   filterLabel: {
+     ...typography.label,
+     marginTop: spacing.xs,
+   },
+   list: {
+     paddingBottom: spacing.xxl,
+   },
+   loadMore: {
+     marginTop: spacing.sm,
+     marginBottom: spacing.md,
+   },
+   footer: {
+     ...typography.caption,
+     textAlign: 'center',
+     marginVertical: spacing.md,
+   },
+   embeddedCta: {
+     position: 'absolute',
+     top: spacing.sm,
+     right: spacing.md,
+     zIndex: 2,
+   },
+   embeddedHeader: {
+     marginBottom: spacing.xs,
+     paddingRight: spacing.xxl,
+   },
+   embeddedTitle: {
+     ...typography.h3,
+   },
+   embeddedMeta: {
+     ...typography.caption,
+     color: colors.textMuted,
+   },
+   actionMeta: {
+     ...typography.caption,
+     color: colors.textMuted,
+   },
+ });
+

 ÔØ» src/__tests__/clients/clientIntakeRecordRebuild.test.ts:108:22
    106|       'utf8',
    107|     );
    108|     expect(listView).toContain('CLIENT_INTAKE_NEW_ROUTE');
       |                      ^
    109|     expect(listView).toContain('clientRecordRoute');
    110|     expect(listView).not.toContain("'/office/clients/create'");

ÔÄ»ÔÄ»ÔÄ»ÔÄ»ÔÄ»ÔÄ»ÔÄ»ÔÄ»ÔÄ»ÔÄ»ÔÄ»ÔÄ»ÔÄ»ÔÄ»ÔÄ»ÔÄ»ÔÄ»ÔÄ»ÔÄ»ÔÄ»ÔÄ»ÔÄ»[13/36]ÔÄ»

 FAIL  src/__tests__/clients/clientIntakeRecordRebuild.test.ts > Client Intake & Record Rebuild > Legacy-Create-Route 
leitet auf Wizard weiter
AssertionError: expected 'import { Redirect } from \'expo-routeÔÇª' not to contain 'ClientCreateScreen'

- Expected
+ Received

- ClientCreateScreen
+ import { Redirect } from 'expo-router';
+ import { getServiceMode } from '@/lib/services/mode';
+ import { CLIENT_INTAKE_NEW_ROUTE } from '@/lib/navigation/clientRoutes';
+ import { ClientCreateScreen } from '@/screens/office/ClientCreateScreen';
+
+ export default function ClientCreateRoute() {
+   if (getServiceMode() === 'supabase') {
+     return <ClientCreateScreen />;
+   }
+   return <Redirect href={CLIENT_INTAKE_NEW_ROUTE as never} />;
+ }
+

 ÔØ» src/__tests__/clients/clientIntakeRecordRebuild.test.ts:120:29
    118|     expect(createRoute).toContain('Redirect');
    119|     expect(createRoute).toContain('CLIENT_INTAKE_NEW_ROUTE');
    120|     expect(createRoute).not.toContain('ClientCreateScreen');
       |                             ^
    121|   });
    122| 

ÔÄ»ÔÄ»ÔÄ»ÔÄ»ÔÄ»ÔÄ»ÔÄ»ÔÄ»ÔÄ»ÔÄ»ÔÄ»ÔÄ»ÔÄ»ÔÄ»ÔÄ»ÔÄ»ÔÄ»ÔÄ»ÔÄ»ÔÄ»ÔÄ»ÔÄ»[14/36]ÔÄ»

 FAIL  src/__tests__/core/p0BuildLiveBlockers.test.ts > P0 Build/Live Blockers > guardLiveDemoFeature blocks demo-only 
features in live mode
AssertionError: expected 'Demo-Fallback im Produktionsmodus bloÔÇª' to contain 'Live-Modus'

Expected: "Live-Modus"
Received: "Demo-Fallback im Produktionsmodus blockiert."

 ÔØ» src/__tests__/core/p0BuildLiveBlockers.test.ts:56:29
     54|     expect(blocked?.ok).toBe(false);
     55|     if (blocked && !blocked.ok) {
     56|       expect(blocked.error).toContain('Live-Modus');
       |                             ^
     57|     }
     58|   });

ÔÄ»ÔÄ»ÔÄ»ÔÄ»ÔÄ»ÔÄ»ÔÄ»ÔÄ»ÔÄ»ÔÄ»ÔÄ»ÔÄ»ÔÄ»ÔÄ»ÔÄ»ÔÄ»ÔÄ»ÔÄ»ÔÄ»ÔÄ»ÔÄ»ÔÄ»[15/36]ÔÄ»

 FAIL  src/__tests__/documents/documentInbox.test.ts > Dokumenteneingang (Document Inbox) > 7. archiviert mit Audit 
und blockiert Live-Modus ohne Supabase-Anbindung
AssertionError: expected 'Demo-Daten im Produktionsmodus nicht ÔÇª' to match /Live-Modus|Dokumenteneingang/i

- Expected: 
/Live-Modus|Dokumenteneingang/i

+ Received: 
"Demo-Daten im Produktionsmodus nicht erlaubt."

 ÔØ» src/__tests__/documents/documentInbox.test.ts:280:31
    278|     expect(liveBlock?.ok).toBe(false);
    279|     if (liveBlock && !liveBlock.ok) {
    280|       expect(liveBlock.error).toMatch(/Live-Modus|Dokumenteneingang/i);
       |                               ^
    281|     }
    282| 

ÔÄ»ÔÄ»ÔÄ»ÔÄ»ÔÄ»ÔÄ»ÔÄ»ÔÄ»ÔÄ»ÔÄ»ÔÄ»ÔÄ»ÔÄ»ÔÄ»ÔÄ»ÔÄ»ÔÄ»ÔÄ»ÔÄ»ÔÄ»ÔÄ»ÔÄ»[16/36]ÔÄ»

 FAIL  src/__tests__/einzelseiten/priorityScreens.test.ts > Bridge route elimination > no EinzelseitenBridgeRoute 
remains in app routes
Error: Test timed out in 5000ms.
If this is a long-running test, pass a timeout value as the last argument or configure it globally with "testTimeout".
 ÔØ» src/__tests__/einzelseiten/priorityScreens.test.ts:125:3
    123| 
    124| describe('Bridge route elimination', () => {
    125|   it('no EinzelseitenBridgeRoute remains in app routes', () => {
       |   ^
    126|     const fs = require('node:fs');
    127|     const path = require('node:path');

ÔÄ»ÔÄ»ÔÄ»ÔÄ»ÔÄ»ÔÄ»ÔÄ»ÔÄ»ÔÄ»ÔÄ»ÔÄ»ÔÄ»ÔÄ»ÔÄ»ÔÄ»ÔÄ»ÔÄ»ÔÄ»ÔÄ»ÔÄ»ÔÄ»ÔÄ»[17/36]ÔÄ»

 FAIL  src/__tests__/office/employeeAbsence.test.ts > employee absence management (Prompt 72) > Vertretungsvorschl├ñge 
schlie├ƒen abwesende MA aus
AssertionError: expected false to be true // Object.is equality

- Expected
+ Received

- true
+ false

 ÔØ» src/__tests__/office/employeeAbsence.test.ts:435:73
    434|         tenantId: TENANT,
    435|         employeeId: 'employee-003',
    436|         startsAt: '2026-07-15T00:00:00.000Z',
       |                                     ^
    437|         endsAt: '2026-07-17T23:59:59.000Z',
    438|       },

ÔÄ»ÔÄ»ÔÄ»ÔÄ»ÔÄ»ÔÄ»ÔÄ»ÔÄ»ÔÄ»ÔÄ»ÔÄ»ÔÄ»ÔÄ»ÔÄ»ÔÄ»ÔÄ»ÔÄ»ÔÄ»ÔÄ»ÔÄ»ÔÄ»ÔÄ»[18/36]ÔÄ»

 FAIL  src/__tests__/office/employeeHr.test.ts > employee HR module (Personalvorg├ñnge) > 5 ÔÇö Finalisierter 
HR-Vorgang ist gesperrt
AssertionError: expected false to be true // Object.is equality

- Expected
+ Received

- true
+ false

 ÔØ» src/__tests__/office/employeeHr.test.ts:176:26
    174|     await confirmHrCasePreview(TENANT, created.data.id, ADMIN);
    175|     const finalized = await finalizeHrCase(TENANT, created.data.id, ADÔÇª
    176|     expect(finalized.ok).toBe(true);
       |                          ^
    177| 
    178|     const editAttempt = await attemptEditHrCase(TENANT, created.data.iÔÇª

ÔÄ»ÔÄ»ÔÄ»ÔÄ»ÔÄ»ÔÄ»ÔÄ»ÔÄ»ÔÄ»ÔÄ»ÔÄ»ÔÄ»ÔÄ»ÔÄ»ÔÄ»ÔÄ»ÔÄ»ÔÄ»ÔÄ»ÔÄ»ÔÄ»ÔÄ»[19/36]ÔÄ»

 FAIL  src/__tests__/office/employeeHr.test.ts > employee HR module (Personalvorg├ñnge) > 6 ÔÇö Mitarbeitende sehen 
nur eigene freigegebene Dokumente
AssertionError: expected [] to have a length of 1 but got +0

- Expected
+ Received

- 1
+ 0

 ÔØ» src/__tests__/office/employeeHr.test.ts:232:31
    230|     expect(portalDocs.ok).toBe(true);
    231|     if (portalDocs.ok) {
    232|       expect(portalDocs.data).toHaveLength(1);
       |                               ^
    233|       expect(portalDocs.data[0]?.employeeId).toBe(EMPLOYEE);
    234|     }

ÔÄ»ÔÄ»ÔÄ»ÔÄ»ÔÄ»ÔÄ»ÔÄ»ÔÄ»ÔÄ»ÔÄ»ÔÄ»ÔÄ»ÔÄ»ÔÄ»ÔÄ»ÔÄ»ÔÄ»ÔÄ»ÔÄ»ÔÄ»ÔÄ»ÔÄ»[20/36]ÔÄ»

 FAIL  src/__tests__/office/employeeHr.test.ts > employee HR module (Personalvorg├ñnge) > 8 ÔÇö Audit-Event bei 
Finalisierung
AssertionError: expected false to be true // Object.is equality

- Expected
+ Received

- true
+ false

 ÔØ» src/__tests__/office/employeeHr.test.ts:267:68
    265| 
    266|     const trail = getHrAuditTrail(TENANT, created.data.id);
    267|     expect(trail.some((e) => e.eventType === 'hr_case_finalized')).toBÔÇª
       |                                                                    ^
    268|     expect(trail.some((e) => e.eventType === 'hr_case_locked')).toBe(tÔÇª
    269|   });

ÔÄ»ÔÄ»ÔÄ»ÔÄ»ÔÄ»ÔÄ»ÔÄ»ÔÄ»ÔÄ»ÔÄ»ÔÄ»ÔÄ»ÔÄ»ÔÄ»ÔÄ»ÔÄ»ÔÄ»ÔÄ»ÔÄ»ÔÄ»ÔÄ»ÔÄ»[21/36]ÔÄ»

 FAIL  src/__tests__/office/employeeHr.test.ts > employee HR module (Personalvorg├ñnge) > 10 ÔÇö Produktionsmodus ohne 
Demo-HR-Daten
AssertionError: expected 'Demo-Daten im Produktionsmodus nicht ÔÇª' to contain 'Live-Modus'

Expected: "Live-Modus"
Received: "Demo-Daten im Produktionsmodus nicht erlaubt."

 ÔØ» src/__tests__/office/employeeHr.test.ts:294:29
    292|     expect(created.ok).toBe(false);
    293|     if (!created.ok) {
    294|       expect(created.error).toContain('Live-Modus');
       |                             ^
    295|     }
    296|   });

ÔÄ»ÔÄ»ÔÄ»ÔÄ»ÔÄ»ÔÄ»ÔÄ»ÔÄ»ÔÄ»ÔÄ»ÔÄ»ÔÄ»ÔÄ»ÔÄ»ÔÄ»ÔÄ»ÔÄ»ÔÄ»ÔÄ»ÔÄ»ÔÄ»ÔÄ»[22/36]ÔÄ»

 FAIL  src/__tests__/office/employeeHr.test.ts > employee HR module (Personalvorg├ñnge) > Korrekturversion erzeugt 
neuen Entwurf
AssertionError: expected false to be true // Object.is equality

- Expected
+ Received

- true
+ false

 ÔØ» src/__tests__/office/employeeHr.test.ts:322:27
    320| 
    321|     const correction = await createHrCaseCorrection(TENANT, created.daÔÇª
    322|     expect(correction.ok).toBe(true);
       |                           ^
    323|     if (correction.ok) {
    324|       expect(correction.data.correctedFromCaseId).toBe(created.data.idÔÇª

ÔÄ»ÔÄ»ÔÄ»ÔÄ»ÔÄ»ÔÄ»ÔÄ»ÔÄ»ÔÄ»ÔÄ»ÔÄ»ÔÄ»ÔÄ»ÔÄ»ÔÄ»ÔÄ»ÔÄ»ÔÄ»ÔÄ»ÔÄ»ÔÄ»ÔÄ»[23/36]ÔÄ»

 FAIL  src/__tests__/office/employeeOffboarding.test.ts > Mitarbeiter-Offboarding (Prompt 78) > 9. Produktionsmodus 
blockiert Demo-Fallback
AssertionError: expected 'Demo-Daten im Produktionsmodus nicht ÔÇª' to contain 'Live-Modus'

Expected: "Live-Modus"
Received: "Demo-Daten im Produktionsmodus nicht erlaubt."

 ÔØ» src/__tests__/office/employeeOffboarding.test.ts:235:26
    233|     expect(result.ok).toBe(false);
    234|     if (result.ok) return;
    235|     expect(result.error).toContain('Live-Modus');
       |                          ^
    236|   });
    237| 

ÔÄ»ÔÄ»ÔÄ»ÔÄ»ÔÄ»ÔÄ»ÔÄ»ÔÄ»ÔÄ»ÔÄ»ÔÄ»ÔÄ»ÔÄ»ÔÄ»ÔÄ»ÔÄ»ÔÄ»ÔÄ»ÔÄ»ÔÄ»ÔÄ»ÔÄ»[24/36]ÔÄ»

 FAIL  src/__tests__/office/employeeTimePrompt73.test.ts > Arbeitszeit Prompt 73 ÔÇö Berechnung & Quellen > 4. 
berechnet Einsatzzeit aus Statuszeiten minus Pausen
AssertionError: expected 0 to be greater than 0
 ÔØ» src/__tests__/office/employeeTimePrompt73.test.ts:199:38
    197|     expect(result.ok).toBe(true);
    198|     if (result.ok) {
    199|       expect(result.data.netMinutes).toBeGreaterThan(0);
       |                                      ^
    200|       expect(result.data.pauseMinutes).toBeGreaterThan(0);
    201|       expect(result.data.traceReference).toContain('assignment:');

ÔÄ»ÔÄ»ÔÄ»ÔÄ»ÔÄ»ÔÄ»ÔÄ»ÔÄ»ÔÄ»ÔÄ»ÔÄ»ÔÄ»ÔÄ»ÔÄ»ÔÄ»ÔÄ»ÔÄ»ÔÄ»ÔÄ»ÔÄ»ÔÄ»ÔÄ»[25/36]ÔÄ»

 FAIL  src/__tests__/operations/operationsMonitoring.test.ts > Betrieb, Backup, Monitoring & Incident Management > 1. 
Mandanten-Admin darf Monitoring sehen ÔÇö Portal-Rollen nicht
AssertionError: expected true to be false // Object.is equality

- Expected
+ Received

- false
+ true

 ÔØ» src/__tests__/operations/operationsMonitoring.test.ts:55:61
     53|       roleKey: 'business_manager',
     54|     });
     55|     expect(canViewOperationsMonitoring(managerCtx).allowed).toBe(falseÔÇª
       |                                                             ^
     56| 
     57|     const portalCtx = buildOperationsMonitoringAccessContext({

ÔÄ»ÔÄ»ÔÄ»ÔÄ»ÔÄ»ÔÄ»ÔÄ»ÔÄ»ÔÄ»ÔÄ»ÔÄ»ÔÄ»ÔÄ»ÔÄ»ÔÄ»ÔÄ»ÔÄ»ÔÄ»ÔÄ»ÔÄ»ÔÄ»ÔÄ»[26/36]ÔÄ»

 FAIL  src/__tests__/operations/operationsMonitoring.test.ts > Betrieb, Backup, Monitoring & Incident Management > 3. 
Sensible Daten werden aus Logs entfernt
AssertionError: expected 'Auth failed Bearer [REDACTED] passworÔÇª' not to contain 'geheim'

Expected: "geheim"
Received: "Auth failed Bearer [REDACTED] password="geheim" api_key=[REDACTED] [REDACTED_EMAIL] [REDACTED_IBAN]"

 ÔØ» src/__tests__/operations/operationsMonitoring.test.ts:94:27
     92|     const sanitized = sanitizeLogMessage(raw);
     93|     expect(sanitized).not.toContain('sk_live_secret_123');
     94|     expect(sanitized).not.toContain('geheim');
       |                           ^
     95|     expect(sanitized).not.toContain('test@example.com');
     96|     expect(sanitized).not.toContain('DE89370400440532013000');

ÔÄ»ÔÄ»ÔÄ»ÔÄ»ÔÄ»ÔÄ»ÔÄ»ÔÄ»ÔÄ»ÔÄ»ÔÄ»ÔÄ»ÔÄ»ÔÄ»ÔÄ»ÔÄ»ÔÄ»ÔÄ»ÔÄ»ÔÄ»ÔÄ»ÔÄ»[27/36]ÔÄ»

 FAIL  src/__tests__/operations/operationsMonitoring.test.ts > Betrieb, Backup, Monitoring & Incident Management > 4. 
Cross-Tenant-Isolation ÔÇö Mandant B sieht keine Logs von Mandant A
AssertionError: expected false to be true // Object.is equality

- Expected
+ Received

- true
+ false

 ÔØ» src/__tests__/operations/operationsMonitoring.test.ts:122:28
    120| 
    121|     expect(tenantALogs.ok).toBe(true);
    122|     expect(tenantBLogs.ok).toBe(true);
       |                            ^
    123|     if (!tenantALogs.ok || !tenantBLogs.ok) return;

 Test Files  20 failed | 251 passed (271)
      Tests  36 failed | 2127 passed (2163)
    124| 

   Start at  10:01:04
   Duration  196.46s (transform 338.00s, setup 0ms, collect 503.35s, tests 98.99s, environment 95ms, prepare 163.83s)

ÔÄ»ÔÄ»ÔÄ»ÔÄ»ÔÄ»ÔÄ»ÔÄ»ÔÄ»ÔÄ»ÔÄ»ÔÄ»ÔÄ»ÔÄ»ÔÄ»ÔÄ»ÔÄ»ÔÄ»ÔÄ»ÔÄ»ÔÄ»ÔÄ»ÔÄ»[28/36]ÔÄ»

 FAIL  src/__tests__/payments/paymentGuard.test.ts > Payment Guard > blockiert Production mit Mock-Provider
AssertionError: expected true to be false // Object.is equality

- Expected
+ Received

- false
+ true

 ÔØ» src/__tests__/payments/paymentGuard.test.ts:103:28
    101|       hasCredentialReference: true,
    102|     });
    103|     expect(result.allowed).toBe(false);
       |                            ^
    104|     if (!result.allowed) expect(result.code).toBe('production_mock_bloÔÇª
    105|   });

ÔÄ»ÔÄ»ÔÄ»ÔÄ»ÔÄ»ÔÄ»ÔÄ»ÔÄ»ÔÄ»ÔÄ»ÔÄ»ÔÄ»ÔÄ»ÔÄ»ÔÄ»ÔÄ»ÔÄ»ÔÄ»ÔÄ»ÔÄ»ÔÄ»ÔÄ»[29/36]ÔÄ»

 FAIL  src/__tests__/portal/clientPortalPrompt59.test.ts > Klient:innenportal Prompt 59 > 1. Klient:in sieht eigene 
geplante Eins├ñtze
AssertionError: expected 0 to be greater than 0
 ÔØ» src/__tests__/portal/clientPortalPrompt59.test.ts:112:32
    110|     expect(result.ok).toBe(true);
    111|     if (!result.ok) return;
    112|     expect(result.data.length).toBeGreaterThan(0);
       |                                ^
    113|     expect(result.data.every((a) => a.serviceType === 'AlltagsbegleituÔÇª
    114|   });

ÔÄ»ÔÄ»ÔÄ»ÔÄ»ÔÄ»ÔÄ»ÔÄ»ÔÄ»ÔÄ»ÔÄ»ÔÄ»ÔÄ»ÔÄ»ÔÄ»ÔÄ»ÔÄ»ÔÄ»ÔÄ»ÔÄ»ÔÄ»ÔÄ»ÔÄ»[30/36]ÔÄ»

 FAIL  src/__tests__/portal/clientPortalPrompt59.test.ts > Klient:innenportal Prompt 59 > 3. Vertretung sieht nur 
autorisierte Klient:innendaten
AssertionError: expected 0 to be greater than 0
 ÔØ» src/__tests__/portal/clientPortalPrompt59.test.ts:131:36
    129|     expect(authorized.ok).toBe(true);
    130|     if (!authorized.ok) return;
    131|     expect(authorized.data.length).toBeGreaterThan(0);
       |                                    ^
    132|     expect(
    133|       authorized.data.every((a) => {

ÔÄ»ÔÄ»ÔÄ»ÔÄ»ÔÄ»ÔÄ»ÔÄ»ÔÄ»ÔÄ»ÔÄ»ÔÄ»ÔÄ»ÔÄ»ÔÄ»ÔÄ»ÔÄ»ÔÄ»ÔÄ»ÔÄ»ÔÄ»ÔÄ»ÔÄ»[31/36]ÔÄ»

 FAIL  src/__tests__/portal/clientPortalPrompt59.test.ts > Klient:innenportal Prompt 59 > Abgeschlossene Eins├ñtze 
filtern korrekt
AssertionError: expected false to be true // Object.is equality

- Expected
+ Received

- true
+ false

 ÔØ» src/__tests__/portal/clientPortalPrompt59.test.ts:320:24
    318|       ADMIN,
    319|     );
    320|     expect(created.ok).toBe(true);
       |                        ^
    321|     if (!created.ok) return;
    322| 

ÔÄ»ÔÄ»ÔÄ»ÔÄ»ÔÄ»ÔÄ»ÔÄ»ÔÄ»ÔÄ»ÔÄ»ÔÄ»ÔÄ»ÔÄ»ÔÄ»ÔÄ»ÔÄ»ÔÄ»ÔÄ»ÔÄ»ÔÄ»ÔÄ»ÔÄ»[32/36]ÔÄ»

 FAIL  src/__tests__/privacy/privacyManagement.test.ts > Datenschutz- und DSGVO-Management > 3 ÔÇö 
Gesundheitsdaten-Export ohne view_sensitive blockiert
AssertionError: expected 'Die Berechtigung ÔÇ×Security & DSGVO veÔÇª' to match /Gesundheitsdaten/i

- Expected: 
/Gesundheitsdaten/i

+ Received: 
"Die Berechtigung ÔÇ×Security & DSGVO verwalten\" ist f├╝r Ihre Rolle nicht freigegeben."

 ÔØ» src/__tests__/privacy/privacyManagement.test.ts:115:34
    113|     expect(exportDenied.ok).toBe(false);
    114|     if (!exportDenied.ok) {
    115|       expect(exportDenied.error).toMatch(/Gesundheitsdaten/i);
       |                                  ^
    116|     }
    117| 

ÔÄ»ÔÄ»ÔÄ»ÔÄ»ÔÄ»ÔÄ»ÔÄ»ÔÄ»ÔÄ»ÔÄ»ÔÄ»ÔÄ»ÔÄ»ÔÄ»ÔÄ»ÔÄ»ÔÄ»ÔÄ»ÔÄ»ÔÄ»ÔÄ»ÔÄ»[33/36]ÔÄ»

 FAIL  src/__tests__/privacy/privacyManagement.test.ts > Datenschutz- und DSGVO-Management > 6 ÔÇö Production Mode 
blockiert Demo-Fallback
AssertionError: expected true to be false // Object.is equality

- Expected
+ Received

- false
+ true

 ÔØ» src/__tests__/privacy/privacyManagement.test.ts:206:32
    204|     });
    205|     const production = assertPrivacyProductionSafety(ctx);
    206|     expect(production.allowed).toBe(false);
       |                                ^
    207|     if (!production.allowed) {
    208|       expect(production.reason).toMatch(/Production Mode/i);

ÔÄ»ÔÄ»ÔÄ»ÔÄ»ÔÄ»ÔÄ»ÔÄ»ÔÄ»ÔÄ»ÔÄ»ÔÄ»ÔÄ»ÔÄ»ÔÄ»ÔÄ»ÔÄ»ÔÄ»ÔÄ»ÔÄ»ÔÄ»ÔÄ»ÔÄ»[34/36]ÔÄ»

 FAIL  src/__tests__/security/securityHardening.test.ts > Security hardening > Service-Role nicht im Client-Bundle > 
kein service_role in src/lib (ohne Tests)
AssertionError: expected [ ÔÇª(3) ] to deeply equal []

- Expected
+ Received

- []
+ [
+   "C:\\Users\\Kevin Reinhardt\\Documents\\CareSuite+\\src\\lib\\documents\\connectDocumentGuard.ts",
+   "C:\\Users\\Kevin Reinhardt\\Documents\\CareSuite+\\src\\lib\\payments\\paymentGuard.ts",
+   "C:\\Users\\Kevin Reinhardt\\Documents\\CareSuite+\\src\\lib\\privacy\\dataSubjectRequestAdminNotify.ts",
+ ]

 ÔØ» src/__tests__/security/securityHardening.test.ts:242:25
    240|       const dangerousPatterns = [
    241|         /SUPABASE_SERVICE_ROLE_KEY/,
    242|         /SERVICE_ROLE_KEY\s*[=:]/,
       |                         ^
    243|         /createClient\([^)]*service_role/i,
    244|       ];

ÔÄ»ÔÄ»ÔÄ»ÔÄ»ÔÄ»ÔÄ»ÔÄ»ÔÄ»ÔÄ»ÔÄ»ÔÄ»ÔÄ»ÔÄ»ÔÄ»ÔÄ»ÔÄ»ÔÄ»ÔÄ»ÔÄ»ÔÄ»ÔÄ»ÔÄ»[35/36]ÔÄ»

 FAIL  src/__tests__/security/securityHardening.test.ts > Security hardening > Production Mode ohne Demo-Fallback > 
getSupabaseClient ist im Live-Modus verf├╝gbar
AssertionError: expected null not to be null
 ÔØ» src/__tests__/security/securityHardening.test.ts:274:39
    272|     it('resolveCommunicationTemplateTenantId ohne Mandant liefert nullÔÇª
    273|       expect(resolveCommunicationTemplateTenantId('')).toBeNull();
    274|       expect(getPreparedChannelTemplates('')).toEqual([]);
       |                                       ^
    275|     });
    276| 

ÔÄ»ÔÄ»ÔÄ»ÔÄ»ÔÄ»ÔÄ»ÔÄ»ÔÄ»ÔÄ»ÔÄ»ÔÄ»ÔÄ»ÔÄ»ÔÄ»ÔÄ»ÔÄ»ÔÄ»ÔÄ»ÔÄ»ÔÄ»ÔÄ»ÔÄ»[36/36]ÔÄ»

